------------------------------------------------------------
TimeQuest Timing Analyzer Summary
------------------------------------------------------------

Type  : Slow 900mV 85C Model Setup 'SOPC_INST|the_pll|the_pll|altpll_component|auto_generated|pll1|clk[0]'
Slack : 1.501
TNS   : 0.000

Type  : Slow 900mV 85C Model Setup 'SOPC_INST|the_tse_mac|altera_tse_mac_pcs_pma_inst|the_altera_tse_pma_lvds_rx|altlvds_rx_component|auto_generated|rx[0]|clk0'
Slack : 2.861
TNS   : 0.000

Type  : Slow 900mV 85C Model Setup 'pll_125_ins|altpll_component|auto_generated|pll1|clk[0]'
Slack : 3.174
TNS   : 0.000

Type  : Slow 900mV 85C Model Setup 'OSC_50_BANK3'
Slack : 17.512
TNS   : 0.000

Type  : Slow 900mV 85C Model Setup 'OSC_50_BANK2'
Slack : 17.584
TNS   : 0.000

Type  : Slow 900mV 85C Model Setup 'OSC_50_BANK6'
Slack : 17.816
TNS   : 0.000

Type  : Slow 900mV 85C Model Setup 'altera_reserved_tck'
Slack : 47.302
TNS   : 0.000

Type  : Slow 900mV 85C Model Setup 'SOPC_INST|the_pll|the_pll|altpll_component|auto_generated|pll1|clk[1]'
Slack : 95.026
TNS   : 0.000

Type  : Slow 900mV 85C Model Hold 'SOPC_INST|the_tse_mac|altera_tse_mac_pcs_pma_inst|the_altera_tse_pma_lvds_rx|altlvds_rx_component|auto_generated|rx[0]|clk0'
Slack : 0.093
TNS   : 0.000

Type  : Slow 900mV 85C Model Hold 'SOPC_INST|the_pll|the_pll|altpll_component|auto_generated|pll1|clk[0]'
Slack : 0.150
TNS   : 0.000

Type  : Slow 900mV 85C Model Hold 'pll_125_ins|altpll_component|auto_generated|pll1|clk[0]'
Slack : 0.182
TNS   : 0.000

Type  : Slow 900mV 85C Model Hold 'SOPC_INST|the_pll|the_pll|altpll_component|auto_generated|pll1|clk[1]'
Slack : 0.228
TNS   : 0.000

Type  : Slow 900mV 85C Model Hold 'OSC_50_BANK6'
Slack : 0.236
TNS   : 0.000

Type  : Slow 900mV 85C Model Hold 'OSC_50_BANK2'
Slack : 0.270
TNS   : 0.000

Type  : Slow 900mV 85C Model Hold 'altera_reserved_tck'
Slack : 0.272
TNS   : 0.000

Type  : Slow 900mV 85C Model Hold 'OSC_50_BANK3'
Slack : 0.346
TNS   : 0.000

Type  : Slow 900mV 85C Model Recovery 'pll_125_ins|altpll_component|auto_generated|pll1|clk[0]'
Slack : 6.819
TNS   : 0.000

Type  : Slow 900mV 85C Model Recovery 'SOPC_INST|the_pll|the_pll|altpll_component|auto_generated|pll1|clk[1]'
Slack : 11.172
TNS   : 0.000

Type  : Slow 900mV 85C Model Recovery 'SOPC_INST|the_pll|the_pll|altpll_component|auto_generated|pll1|clk[0]'
Slack : 11.789
TNS   : 0.000

Type  : Slow 900mV 85C Model Recovery 'OSC_50_BANK6'
Slack : 15.432
TNS   : 0.000

Type  : Slow 900mV 85C Model Recovery 'OSC_50_BANK3'
Slack : 17.422
TNS   : 0.000

Type  : Slow 900mV 85C Model Recovery 'altera_reserved_tck'
Slack : 48.752
TNS   : 0.000

Type  : Slow 900mV 85C Model Removal 'OSC_50_BANK6'
Slack : 0.433
TNS   : 0.000

Type  : Slow 900mV 85C Model Removal 'SOPC_INST|the_pll|the_pll|altpll_component|auto_generated|pll1|clk[0]'
Slack : 0.457
TNS   : 0.000

Type  : Slow 900mV 85C Model Removal 'pll_125_ins|altpll_component|auto_generated|pll1|clk[0]'
Slack : 0.463
TNS   : 0.000

Type  : Slow 900mV 85C Model Removal 'altera_reserved_tck'
Slack : 0.491
TNS   : 0.000

Type  : Slow 900mV 85C Model Removal 'OSC_50_BANK3'
Slack : 1.887
TNS   : 0.000

Type  : Slow 900mV 85C Model Removal 'SOPC_INST|the_pll|the_pll|altpll_component|auto_generated|pll1|clk[1]'
Slack : 4.397
TNS   : 0.000

Type  : Slow 900mV 85C Model Minimum Pulse Width 'SOPC_INST|the_tse_mac|altera_tse_mac_pcs_pma_inst|the_altera_tse_pma_lvds_rx|altlvds_rx_component|auto_generated|pll|clk[0]'
Slack : 0.113
TNS   : 0.000

Type  : Slow 900mV 85C Model Minimum Pulse Width 'SOPC_INST|the_tse_mac|altera_tse_mac_pcs_pma_inst|the_altera_tse_pma_lvds_rx|altlvds_rx_component|auto_generated|rx[0]|clk0'
Slack : 3.070
TNS   : 0.000

Type  : Slow 900mV 85C Model Minimum Pulse Width 'pll_125_ins|altpll_component|auto_generated|pll1|clk[0]'
Slack : 3.212
TNS   : 0.000

Type  : Slow 900mV 85C Model Minimum Pulse Width 'SOPC_INST|the_pll|the_pll|altpll_component|auto_generated|pll1|clk[0]'
Slack : 9.205
TNS   : 0.000

Type  : Slow 900mV 85C Model Minimum Pulse Width 'OSC_50_BANK3'
Slack : 9.285
TNS   : 0.000

Type  : Slow 900mV 85C Model Minimum Pulse Width 'OSC_50_BANK6'
Slack : 9.421
TNS   : 0.000

Type  : Slow 900mV 85C Model Minimum Pulse Width 'OSC_50_BANK2'
Slack : 9.427
TNS   : 0.000

Type  : Slow 900mV 85C Model Minimum Pulse Width 'SOPC_INST|the_pll|the_pll|altpll_component|auto_generated|pll1|clk[1]'
Slack : 49.214
TNS   : 0.000

Type  : Slow 900mV 85C Model Minimum Pulse Width 'altera_reserved_tck'
Slack : 49.389
TNS   : 0.000

Type  : Slow 900mV 0C Model Setup 'SOPC_INST|the_pll|the_pll|altpll_component|auto_generated|pll1|clk[0]'
Slack : 1.582
TNS   : 0.000

Type  : Slow 900mV 0C Model Setup 'SOPC_INST|the_tse_mac|altera_tse_mac_pcs_pma_inst|the_altera_tse_pma_lvds_rx|altlvds_rx_component|auto_generated|rx[0]|clk0'
Slack : 2.906
TNS   : 0.000

Type  : Slow 900mV 0C Model Setup 'pll_125_ins|altpll_component|auto_generated|pll1|clk[0]'
Slack : 3.366
TNS   : 0.000

Type  : Slow 900mV 0C Model Setup 'OSC_50_BANK3'
Slack : 17.603
TNS   : 0.000

Type  : Slow 900mV 0C Model Setup 'OSC_50_BANK2'
Slack : 17.677
TNS   : 0.000

Type  : Slow 900mV 0C Model Setup 'OSC_50_BANK6'
Slack : 17.948
TNS   : 0.000

Type  : Slow 900mV 0C Model Setup 'altera_reserved_tck'
Slack : 47.331
TNS   : 0.000

Type  : Slow 900mV 0C Model Setup 'SOPC_INST|the_pll|the_pll|altpll_component|auto_generated|pll1|clk[1]'
Slack : 95.255
TNS   : 0.000

Type  : Slow 900mV 0C Model Hold 'SOPC_INST|the_tse_mac|altera_tse_mac_pcs_pma_inst|the_altera_tse_pma_lvds_rx|altlvds_rx_component|auto_generated|rx[0]|clk0'
Slack : 0.078
TNS   : 0.000

Type  : Slow 900mV 0C Model Hold 'SOPC_INST|the_pll|the_pll|altpll_component|auto_generated|pll1|clk[0]'
Slack : 0.130
TNS   : 0.000

Type  : Slow 900mV 0C Model Hold 'pll_125_ins|altpll_component|auto_generated|pll1|clk[0]'
Slack : 0.165
TNS   : 0.000

Type  : Slow 900mV 0C Model Hold 'SOPC_INST|the_pll|the_pll|altpll_component|auto_generated|pll1|clk[1]'
Slack : 0.220
TNS   : 0.000

Type  : Slow 900mV 0C Model Hold 'OSC_50_BANK6'
Slack : 0.230
TNS   : 0.000

Type  : Slow 900mV 0C Model Hold 'OSC_50_BANK2'
Slack : 0.257
TNS   : 0.000

Type  : Slow 900mV 0C Model Hold 'altera_reserved_tck'
Slack : 0.262
TNS   : 0.000

Type  : Slow 900mV 0C Model Hold 'OSC_50_BANK3'
Slack : 0.335
TNS   : 0.000

Type  : Slow 900mV 0C Model Recovery 'pll_125_ins|altpll_component|auto_generated|pll1|clk[0]'
Slack : 6.867
TNS   : 0.000

Type  : Slow 900mV 0C Model Recovery 'SOPC_INST|the_pll|the_pll|altpll_component|auto_generated|pll1|clk[1]'
Slack : 11.645
TNS   : 0.000

Type  : Slow 900mV 0C Model Recovery 'SOPC_INST|the_pll|the_pll|altpll_component|auto_generated|pll1|clk[0]'
Slack : 12.347
TNS   : 0.000

Type  : Slow 900mV 0C Model Recovery 'OSC_50_BANK6'
Slack : 15.713
TNS   : 0.000

Type  : Slow 900mV 0C Model Recovery 'OSC_50_BANK3'
Slack : 17.542
TNS   : 0.000

Type  : Slow 900mV 0C Model Recovery 'altera_reserved_tck'
Slack : 48.752
TNS   : 0.000

Type  : Slow 900mV 0C Model Removal 'OSC_50_BANK6'
Slack : 0.247
TNS   : 0.000

Type  : Slow 900mV 0C Model Removal 'SOPC_INST|the_pll|the_pll|altpll_component|auto_generated|pll1|clk[0]'
Slack : 0.442
TNS   : 0.000

Type  : Slow 900mV 0C Model Removal 'pll_125_ins|altpll_component|auto_generated|pll1|clk[0]'
Slack : 0.449
TNS   : 0.000

Type  : Slow 900mV 0C Model Removal 'altera_reserved_tck'
Slack : 0.478
TNS   : 0.000

Type  : Slow 900mV 0C Model Removal 'OSC_50_BANK3'
Slack : 1.770
TNS   : 0.000

Type  : Slow 900mV 0C Model Removal 'SOPC_INST|the_pll|the_pll|altpll_component|auto_generated|pll1|clk[1]'
Slack : 4.088
TNS   : 0.000

Type  : Slow 900mV 0C Model Minimum Pulse Width 'SOPC_INST|the_tse_mac|altera_tse_mac_pcs_pma_inst|the_altera_tse_pma_lvds_rx|altlvds_rx_component|auto_generated|pll|clk[0]'
Slack : 0.115
TNS   : 0.000

Type  : Slow 900mV 0C Model Minimum Pulse Width 'SOPC_INST|the_tse_mac|altera_tse_mac_pcs_pma_inst|the_altera_tse_pma_lvds_rx|altlvds_rx_component|auto_generated|rx[0]|clk0'
Slack : 3.073
TNS   : 0.000

Type  : Slow 900mV 0C Model Minimum Pulse Width 'pll_125_ins|altpll_component|auto_generated|pll1|clk[0]'
Slack : 3.222
TNS   : 0.000

Type  : Slow 900mV 0C Model Minimum Pulse Width 'SOPC_INST|the_pll|the_pll|altpll_component|auto_generated|pll1|clk[0]'
Slack : 9.217
TNS   : 0.000

Type  : Slow 900mV 0C Model Minimum Pulse Width 'OSC_50_BANK3'
Slack : 9.292
TNS   : 0.000

Type  : Slow 900mV 0C Model Minimum Pulse Width 'OSC_50_BANK6'
Slack : 9.423
TNS   : 0.000

Type  : Slow 900mV 0C Model Minimum Pulse Width 'OSC_50_BANK2'
Slack : 9.428
TNS   : 0.000

Type  : Slow 900mV 0C Model Minimum Pulse Width 'SOPC_INST|the_pll|the_pll|altpll_component|auto_generated|pll1|clk[1]'
Slack : 49.229
TNS   : 0.000

Type  : Slow 900mV 0C Model Minimum Pulse Width 'altera_reserved_tck'
Slack : 49.431
TNS   : 0.000

Type  : Fast 900mV 0C Model Setup 'SOPC_INST|the_pll|the_pll|altpll_component|auto_generated|pll1|clk[0]'
Slack : 2.428
TNS   : 0.000

Type  : Fast 900mV 0C Model Setup 'SOPC_INST|the_tse_mac|altera_tse_mac_pcs_pma_inst|the_altera_tse_pma_lvds_rx|altlvds_rx_component|auto_generated|rx[0]|clk0'
Slack : 3.219
TNS   : 0.000

Type  : Fast 900mV 0C Model Setup 'pll_125_ins|altpll_component|auto_generated|pll1|clk[0]'
Slack : 5.113
TNS   : 0.000

Type  : Fast 900mV 0C Model Setup 'OSC_50_BANK2'
Slack : 18.638
TNS   : 0.000

Type  : Fast 900mV 0C Model Setup 'OSC_50_BANK3'
Slack : 18.710
TNS   : 0.000

Type  : Fast 900mV 0C Model Setup 'OSC_50_BANK6'
Slack : 18.739
TNS   : 0.000

Type  : Fast 900mV 0C Model Setup 'altera_reserved_tck'
Slack : 48.698
TNS   : 0.000

Type  : Fast 900mV 0C Model Setup 'SOPC_INST|the_pll|the_pll|altpll_component|auto_generated|pll1|clk[1]'
Slack : 97.188
TNS   : 0.000

Type  : Fast 900mV 0C Model Hold 'SOPC_INST|the_tse_mac|altera_tse_mac_pcs_pma_inst|the_altera_tse_pma_lvds_rx|altlvds_rx_component|auto_generated|rx[0]|clk0'
Slack : 0.061
TNS   : 0.000

Type  : Fast 900mV 0C Model Hold 'SOPC_INST|the_pll|the_pll|altpll_component|auto_generated|pll1|clk[0]'
Slack : 0.093
TNS   : 0.000

Type  : Fast 900mV 0C Model Hold 'pll_125_ins|altpll_component|auto_generated|pll1|clk[0]'
Slack : 0.118
TNS   : 0.000

Type  : Fast 900mV 0C Model Hold 'SOPC_INST|the_pll|the_pll|altpll_component|auto_generated|pll1|clk[1]'
Slack : 0.131
TNS   : 0.000

Type  : Fast 900mV 0C Model Hold 'OSC_50_BANK6'
Slack : 0.134
TNS   : 0.000

Type  : Fast 900mV 0C Model Hold 'OSC_50_BANK2'
Slack : 0.148
TNS   : 0.000

Type  : Fast 900mV 0C Model Hold 'altera_reserved_tck'
Slack : 0.150
TNS   : 0.000

Type  : Fast 900mV 0C Model Hold 'OSC_50_BANK3'
Slack : 0.183
TNS   : 0.000

Type  : Fast 900mV 0C Model Recovery 'pll_125_ins|altpll_component|auto_generated|pll1|clk[0]'
Slack : 7.306
TNS   : 0.000

Type  : Fast 900mV 0C Model Recovery 'SOPC_INST|the_pll|the_pll|altpll_component|auto_generated|pll1|clk[1]'
Slack : 14.331
TNS   : 0.000

Type  : Fast 900mV 0C Model Recovery 'SOPC_INST|the_pll|the_pll|altpll_component|auto_generated|pll1|clk[0]'
Slack : 14.771
TNS   : 0.000

Type  : Fast 900mV 0C Model Recovery 'OSC_50_BANK6'
Slack : 16.974
TNS   : 0.000

Type  : Fast 900mV 0C Model Recovery 'OSC_50_BANK3'
Slack : 18.456
TNS   : 0.000

Type  : Fast 900mV 0C Model Recovery 'altera_reserved_tck'
Slack : 49.537
TNS   : 0.000

Type  : Fast 900mV 0C Model Removal 'SOPC_INST|the_pll|the_pll|altpll_component|auto_generated|pll1|clk[0]'
Slack : 0.266
TNS   : 0.000

Type  : Fast 900mV 0C Model Removal 'pll_125_ins|altpll_component|auto_generated|pll1|clk[0]'
Slack : 0.269
TNS   : 0.000

Type  : Fast 900mV 0C Model Removal 'OSC_50_BANK6'
Slack : 0.272
TNS   : 0.000

Type  : Fast 900mV 0C Model Removal 'altera_reserved_tck'
Slack : 0.278
TNS   : 0.000

Type  : Fast 900mV 0C Model Removal 'OSC_50_BANK3'
Slack : 1.141
TNS   : 0.000

Type  : Fast 900mV 0C Model Removal 'SOPC_INST|the_pll|the_pll|altpll_component|auto_generated|pll1|clk[1]'
Slack : 2.798
TNS   : 0.000

Type  : Fast 900mV 0C Model Minimum Pulse Width 'SOPC_INST|the_tse_mac|altera_tse_mac_pcs_pma_inst|the_altera_tse_pma_lvds_rx|altlvds_rx_component|auto_generated|pll|clk[0]'
Slack : 0.168
TNS   : 0.000

Type  : Fast 900mV 0C Model Minimum Pulse Width 'SOPC_INST|the_tse_mac|altera_tse_mac_pcs_pma_inst|the_altera_tse_pma_lvds_rx|altlvds_rx_component|auto_generated|rx[0]|clk0'
Slack : 3.192
TNS   : 0.000

Type  : Fast 900mV 0C Model Minimum Pulse Width 'pll_125_ins|altpll_component|auto_generated|pll1|clk[0]'
Slack : 3.211
TNS   : 0.000

Type  : Fast 900mV 0C Model Minimum Pulse Width 'SOPC_INST|the_pll|the_pll|altpll_component|auto_generated|pll1|clk[0]'
Slack : 9.208
TNS   : 0.000

Type  : Fast 900mV 0C Model Minimum Pulse Width 'OSC_50_BANK6'
Slack : 9.353
TNS   : 0.000

Type  : Fast 900mV 0C Model Minimum Pulse Width 'OSC_50_BANK2'
Slack : 9.358
TNS   : 0.000

Type  : Fast 900mV 0C Model Minimum Pulse Width 'OSC_50_BANK3'
Slack : 9.567
TNS   : 0.000

Type  : Fast 900mV 0C Model Minimum Pulse Width 'SOPC_INST|the_pll|the_pll|altpll_component|auto_generated|pll1|clk[1]'
Slack : 49.212
TNS   : 0.000

Type  : Fast 900mV 0C Model Minimum Pulse Width 'altera_reserved_tck'
Slack : 49.290
TNS   : 0.000

------------------------------------------------------------
