------------------------------------------------------------
TimeQuest Timing Analyzer Summary
------------------------------------------------------------

Type  : Slow 900mV 85C Model Setup 'SOPC_INST|the_pll|the_pll|altpll_component|auto_generated|pll1|clk[0]'
Slack : 1.725
TNS   : 0.000

Type  : Slow 900mV 85C Model Setup 'SOPC_INST|the_tse_mac|altera_tse_mac_pcs_pma_inst|the_altera_tse_pma_lvds_rx|altlvds_rx_component|auto_generated|rx[0]|clk0'
Slack : 2.870
TNS   : 0.000

Type  : Slow 900mV 85C Model Setup 'pll_125_ins|altpll_component|auto_generated|pll1|clk[0]'
Slack : 3.146
TNS   : 0.000

Type  : Slow 900mV 85C Model Setup 'OSC_50_BANK3'
Slack : 17.658
TNS   : 0.000

Type  : Slow 900mV 85C Model Setup 'OSC_50_BANK6'
Slack : 17.916
TNS   : 0.000

Type  : Slow 900mV 85C Model Setup 'OSC_50_BANK2'
Slack : 18.173
TNS   : 0.000

Type  : Slow 900mV 85C Model Setup 'altera_reserved_tck'
Slack : 47.590
TNS   : 0.000

Type  : Slow 900mV 85C Model Setup 'SOPC_INST|the_pll|the_pll|altpll_component|auto_generated|pll1|clk[1]'
Slack : 95.275
TNS   : 0.000

Type  : Slow 900mV 85C Model Hold 'SOPC_INST|the_tse_mac|altera_tse_mac_pcs_pma_inst|the_altera_tse_pma_lvds_rx|altlvds_rx_component|auto_generated|rx[0]|clk0'
Slack : 0.102
TNS   : 0.000

Type  : Slow 900mV 85C Model Hold 'SOPC_INST|the_pll|the_pll|altpll_component|auto_generated|pll1|clk[0]'
Slack : 0.165
TNS   : 0.000

Type  : Slow 900mV 85C Model Hold 'pll_125_ins|altpll_component|auto_generated|pll1|clk[0]'
Slack : 0.182
TNS   : 0.000

Type  : Slow 900mV 85C Model Hold 'OSC_50_BANK6'
Slack : 0.226
TNS   : 0.000

Type  : Slow 900mV 85C Model Hold 'SOPC_INST|the_pll|the_pll|altpll_component|auto_generated|pll1|clk[1]'
Slack : 0.233
TNS   : 0.000

Type  : Slow 900mV 85C Model Hold 'altera_reserved_tck'
Slack : 0.248
TNS   : 0.000

Type  : Slow 900mV 85C Model Hold 'OSC_50_BANK2'
Slack : 0.251
TNS   : 0.000

Type  : Slow 900mV 85C Model Hold 'OSC_50_BANK3'
Slack : 0.346
TNS   : 0.000

Type  : Slow 900mV 85C Model Recovery 'pll_125_ins|altpll_component|auto_generated|pll1|clk[0]'
Slack : 6.961
TNS   : 0.000

Type  : Slow 900mV 85C Model Recovery 'SOPC_INST|the_pll|the_pll|altpll_component|auto_generated|pll1|clk[0]'
Slack : 11.806
TNS   : 0.000

Type  : Slow 900mV 85C Model Recovery 'SOPC_INST|the_pll|the_pll|altpll_component|auto_generated|pll1|clk[1]'
Slack : 12.350
TNS   : 0.000

Type  : Slow 900mV 85C Model Recovery 'OSC_50_BANK6'
Slack : 14.825
TNS   : 0.000

Type  : Slow 900mV 85C Model Recovery 'OSC_50_BANK3'
Slack : 18.660
TNS   : 0.000

Type  : Slow 900mV 85C Model Recovery 'altera_reserved_tck'
Slack : 48.839
TNS   : 0.000

Type  : Slow 900mV 85C Model Removal 'pll_125_ins|altpll_component|auto_generated|pll1|clk[0]'
Slack : 0.465
TNS   : 0.000

Type  : Slow 900mV 85C Model Removal 'altera_reserved_tck'
Slack : 0.488
TNS   : 0.000

Type  : Slow 900mV 85C Model Removal 'OSC_50_BANK6'
Slack : 0.493
TNS   : 0.000

Type  : Slow 900mV 85C Model Removal 'SOPC_INST|the_pll|the_pll|altpll_component|auto_generated|pll1|clk[0]'
Slack : 0.494
TNS   : 0.000

Type  : Slow 900mV 85C Model Removal 'OSC_50_BANK3'
Slack : 0.500
TNS   : 0.000

Type  : Slow 900mV 85C Model Removal 'SOPC_INST|the_pll|the_pll|altpll_component|auto_generated|pll1|clk[1]'
Slack : 2.794
TNS   : 0.000

Type  : Slow 900mV 85C Model Minimum Pulse Width 'SOPC_INST|the_tse_mac|altera_tse_mac_pcs_pma_inst|the_altera_tse_pma_lvds_rx|altlvds_rx_component|auto_generated|pll|clk[0]'
Slack : 0.113
TNS   : 0.000

Type  : Slow 900mV 85C Model Minimum Pulse Width 'SOPC_INST|the_tse_mac|altera_tse_mac_pcs_pma_inst|the_altera_tse_pma_lvds_rx|altlvds_rx_component|auto_generated|rx[0]|clk0'
Slack : 3.085
TNS   : 0.000

Type  : Slow 900mV 85C Model Minimum Pulse Width 'pll_125_ins|altpll_component|auto_generated|pll1|clk[0]'
Slack : 3.204
TNS   : 0.000

Type  : Slow 900mV 85C Model Minimum Pulse Width 'SOPC_INST|the_pll|the_pll|altpll_component|auto_generated|pll1|clk[0]'
Slack : 9.205
TNS   : 0.000

Type  : Slow 900mV 85C Model Minimum Pulse Width 'OSC_50_BANK3'
Slack : 9.285
TNS   : 0.000

Type  : Slow 900mV 85C Model Minimum Pulse Width 'OSC_50_BANK6'
Slack : 9.422
TNS   : 0.000

Type  : Slow 900mV 85C Model Minimum Pulse Width 'OSC_50_BANK2'
Slack : 9.426
TNS   : 0.000

Type  : Slow 900mV 85C Model Minimum Pulse Width 'SOPC_INST|the_pll|the_pll|altpll_component|auto_generated|pll1|clk[1]'
Slack : 49.220
TNS   : 0.000

Type  : Slow 900mV 85C Model Minimum Pulse Width 'altera_reserved_tck'
Slack : 49.387
TNS   : 0.000

Type  : Slow 900mV 0C Model Setup 'SOPC_INST|the_pll|the_pll|altpll_component|auto_generated|pll1|clk[0]'
Slack : 1.800
TNS   : 0.000

Type  : Slow 900mV 0C Model Setup 'SOPC_INST|the_tse_mac|altera_tse_mac_pcs_pma_inst|the_altera_tse_pma_lvds_rx|altlvds_rx_component|auto_generated|rx[0]|clk0'
Slack : 2.923
TNS   : 0.000

Type  : Slow 900mV 0C Model Setup 'pll_125_ins|altpll_component|auto_generated|pll1|clk[0]'
Slack : 3.384
TNS   : 0.000

Type  : Slow 900mV 0C Model Setup 'OSC_50_BANK3'
Slack : 17.742
TNS   : 0.000

Type  : Slow 900mV 0C Model Setup 'OSC_50_BANK6'
Slack : 17.995
TNS   : 0.000

Type  : Slow 900mV 0C Model Setup 'OSC_50_BANK2'
Slack : 18.243
TNS   : 0.000

Type  : Slow 900mV 0C Model Setup 'altera_reserved_tck'
Slack : 47.622
TNS   : 0.000

Type  : Slow 900mV 0C Model Setup 'SOPC_INST|the_pll|the_pll|altpll_component|auto_generated|pll1|clk[1]'
Slack : 95.523
TNS   : 0.000

Type  : Slow 900mV 0C Model Hold 'SOPC_INST|the_tse_mac|altera_tse_mac_pcs_pma_inst|the_altera_tse_pma_lvds_rx|altlvds_rx_component|auto_generated|rx[0]|clk0'
Slack : 0.085
TNS   : 0.000

Type  : Slow 900mV 0C Model Hold 'SOPC_INST|the_pll|the_pll|altpll_component|auto_generated|pll1|clk[0]'
Slack : 0.152
TNS   : 0.000

Type  : Slow 900mV 0C Model Hold 'pll_125_ins|altpll_component|auto_generated|pll1|clk[0]'
Slack : 0.167
TNS   : 0.000

Type  : Slow 900mV 0C Model Hold 'OSC_50_BANK6'
Slack : 0.219
TNS   : 0.000

Type  : Slow 900mV 0C Model Hold 'SOPC_INST|the_pll|the_pll|altpll_component|auto_generated|pll1|clk[1]'
Slack : 0.229
TNS   : 0.000

Type  : Slow 900mV 0C Model Hold 'altera_reserved_tck'
Slack : 0.240
TNS   : 0.000

Type  : Slow 900mV 0C Model Hold 'OSC_50_BANK2'
Slack : 0.242
TNS   : 0.000

Type  : Slow 900mV 0C Model Hold 'OSC_50_BANK3'
Slack : 0.336
TNS   : 0.000

Type  : Slow 900mV 0C Model Recovery 'pll_125_ins|altpll_component|auto_generated|pll1|clk[0]'
Slack : 7.003
TNS   : 0.000

Type  : Slow 900mV 0C Model Recovery 'SOPC_INST|the_pll|the_pll|altpll_component|auto_generated|pll1|clk[0]'
Slack : 12.193
TNS   : 0.000

Type  : Slow 900mV 0C Model Recovery 'SOPC_INST|the_pll|the_pll|altpll_component|auto_generated|pll1|clk[1]'
Slack : 12.878
TNS   : 0.000

Type  : Slow 900mV 0C Model Recovery 'OSC_50_BANK6'
Slack : 15.124
TNS   : 0.000

Type  : Slow 900mV 0C Model Recovery 'OSC_50_BANK3'
Slack : 18.703
TNS   : 0.000

Type  : Slow 900mV 0C Model Recovery 'altera_reserved_tck'
Slack : 48.827
TNS   : 0.000

Type  : Slow 900mV 0C Model Removal 'pll_125_ins|altpll_component|auto_generated|pll1|clk[0]'
Slack : 0.448
TNS   : 0.000

Type  : Slow 900mV 0C Model Removal 'OSC_50_BANK6'
Slack : 0.474
TNS   : 0.000

Type  : Slow 900mV 0C Model Removal 'SOPC_INST|the_pll|the_pll|altpll_component|auto_generated|pll1|clk[0]'
Slack : 0.475
TNS   : 0.000

Type  : Slow 900mV 0C Model Removal 'altera_reserved_tck'
Slack : 0.479
TNS   : 0.000

Type  : Slow 900mV 0C Model Removal 'OSC_50_BANK3'
Slack : 0.481
TNS   : 0.000

Type  : Slow 900mV 0C Model Removal 'SOPC_INST|the_pll|the_pll|altpll_component|auto_generated|pll1|clk[1]'
Slack : 2.579
TNS   : 0.000

Type  : Slow 900mV 0C Model Minimum Pulse Width 'SOPC_INST|the_tse_mac|altera_tse_mac_pcs_pma_inst|the_altera_tse_pma_lvds_rx|altlvds_rx_component|auto_generated|pll|clk[0]'
Slack : 0.115
TNS   : 0.000

Type  : Slow 900mV 0C Model Minimum Pulse Width 'SOPC_INST|the_tse_mac|altera_tse_mac_pcs_pma_inst|the_altera_tse_pma_lvds_rx|altlvds_rx_component|auto_generated|rx[0]|clk0'
Slack : 3.089
TNS   : 0.000

Type  : Slow 900mV 0C Model Minimum Pulse Width 'pll_125_ins|altpll_component|auto_generated|pll1|clk[0]'
Slack : 3.222
TNS   : 0.000

Type  : Slow 900mV 0C Model Minimum Pulse Width 'SOPC_INST|the_pll|the_pll|altpll_component|auto_generated|pll1|clk[0]'
Slack : 9.220
TNS   : 0.000

Type  : Slow 900mV 0C Model Minimum Pulse Width 'OSC_50_BANK3'
Slack : 9.292
TNS   : 0.000

Type  : Slow 900mV 0C Model Minimum Pulse Width 'OSC_50_BANK6'
Slack : 9.424
TNS   : 0.000

Type  : Slow 900mV 0C Model Minimum Pulse Width 'OSC_50_BANK2'
Slack : 9.427
TNS   : 0.000

Type  : Slow 900mV 0C Model Minimum Pulse Width 'SOPC_INST|the_pll|the_pll|altpll_component|auto_generated|pll1|clk[1]'
Slack : 49.234
TNS   : 0.000

Type  : Slow 900mV 0C Model Minimum Pulse Width 'altera_reserved_tck'
Slack : 49.430
TNS   : 0.000

Type  : Fast 900mV 0C Model Setup 'SOPC_INST|the_pll|the_pll|altpll_component|auto_generated|pll1|clk[0]'
Slack : 2.537
TNS   : 0.000

Type  : Fast 900mV 0C Model Setup 'SOPC_INST|the_tse_mac|altera_tse_mac_pcs_pma_inst|the_altera_tse_pma_lvds_rx|altlvds_rx_component|auto_generated|rx[0]|clk0'
Slack : 3.324
TNS   : 0.000

Type  : Fast 900mV 0C Model Setup 'pll_125_ins|altpll_component|auto_generated|pll1|clk[0]'
Slack : 5.098
TNS   : 0.000

Type  : Fast 900mV 0C Model Setup 'OSC_50_BANK3'
Slack : 18.696
TNS   : 0.000

Type  : Fast 900mV 0C Model Setup 'OSC_50_BANK6'
Slack : 18.838
TNS   : 0.000

Type  : Fast 900mV 0C Model Setup 'OSC_50_BANK2'
Slack : 19.021
TNS   : 0.000

Type  : Fast 900mV 0C Model Setup 'altera_reserved_tck'
Slack : 48.854
TNS   : 0.000

Type  : Fast 900mV 0C Model Setup 'SOPC_INST|the_pll|the_pll|altpll_component|auto_generated|pll1|clk[1]'
Slack : 97.084
TNS   : 0.000

Type  : Fast 900mV 0C Model Hold 'SOPC_INST|the_tse_mac|altera_tse_mac_pcs_pma_inst|the_altera_tse_pma_lvds_rx|altlvds_rx_component|auto_generated|rx[0]|clk0'
Slack : 0.071
TNS   : 0.000

Type  : Fast 900mV 0C Model Hold 'SOPC_INST|the_pll|the_pll|altpll_component|auto_generated|pll1|clk[0]'
Slack : 0.102
TNS   : 0.000

Type  : Fast 900mV 0C Model Hold 'pll_125_ins|altpll_component|auto_generated|pll1|clk[0]'
Slack : 0.114
TNS   : 0.000

Type  : Fast 900mV 0C Model Hold 'OSC_50_BANK6'
Slack : 0.128
TNS   : 0.000

Type  : Fast 900mV 0C Model Hold 'SOPC_INST|the_pll|the_pll|altpll_component|auto_generated|pll1|clk[1]'
Slack : 0.134
TNS   : 0.000

Type  : Fast 900mV 0C Model Hold 'OSC_50_BANK2'
Slack : 0.136
TNS   : 0.000

Type  : Fast 900mV 0C Model Hold 'altera_reserved_tck'
Slack : 0.139
TNS   : 0.000

Type  : Fast 900mV 0C Model Hold 'OSC_50_BANK3'
Slack : 0.183
TNS   : 0.000

Type  : Fast 900mV 0C Model Recovery 'pll_125_ins|altpll_component|auto_generated|pll1|clk[0]'
Slack : 7.381
TNS   : 0.000

Type  : Fast 900mV 0C Model Recovery 'SOPC_INST|the_pll|the_pll|altpll_component|auto_generated|pll1|clk[0]'
Slack : 14.770
TNS   : 0.000

Type  : Fast 900mV 0C Model Recovery 'SOPC_INST|the_pll|the_pll|altpll_component|auto_generated|pll1|clk[1]'
Slack : 15.117
TNS   : 0.000

Type  : Fast 900mV 0C Model Recovery 'OSC_50_BANK6'
Slack : 16.654
TNS   : 0.000

Type  : Fast 900mV 0C Model Recovery 'OSC_50_BANK3'
Slack : 19.243
TNS   : 0.000

Type  : Fast 900mV 0C Model Recovery 'altera_reserved_tck'
Slack : 49.607
TNS   : 0.000

Type  : Fast 900mV 0C Model Removal 'OSC_50_BANK6'
Slack : 0.268
TNS   : 0.000

Type  : Fast 900mV 0C Model Removal 'SOPC_INST|the_pll|the_pll|altpll_component|auto_generated|pll1|clk[0]'
Slack : 0.271
TNS   : 0.000

Type  : Fast 900mV 0C Model Removal 'pll_125_ins|altpll_component|auto_generated|pll1|clk[0]'
Slack : 0.271
TNS   : 0.000

Type  : Fast 900mV 0C Model Removal 'OSC_50_BANK3'
Slack : 0.274
TNS   : 0.000

Type  : Fast 900mV 0C Model Removal 'altera_reserved_tck'
Slack : 0.274
TNS   : 0.000

Type  : Fast 900mV 0C Model Removal 'SOPC_INST|the_pll|the_pll|altpll_component|auto_generated|pll1|clk[1]'
Slack : 1.770
TNS   : 0.000

Type  : Fast 900mV 0C Model Minimum Pulse Width 'SOPC_INST|the_tse_mac|altera_tse_mac_pcs_pma_inst|the_altera_tse_pma_lvds_rx|altlvds_rx_component|auto_generated|pll|clk[0]'
Slack : 0.168
TNS   : 0.000

Type  : Fast 900mV 0C Model Minimum Pulse Width 'SOPC_INST|the_tse_mac|altera_tse_mac_pcs_pma_inst|the_altera_tse_pma_lvds_rx|altlvds_rx_component|auto_generated|rx[0]|clk0'
Slack : 3.199
TNS   : 0.000

Type  : Fast 900mV 0C Model Minimum Pulse Width 'pll_125_ins|altpll_component|auto_generated|pll1|clk[0]'
Slack : 3.207
TNS   : 0.000

Type  : Fast 900mV 0C Model Minimum Pulse Width 'SOPC_INST|the_pll|the_pll|altpll_component|auto_generated|pll1|clk[0]'
Slack : 9.207
TNS   : 0.000

Type  : Fast 900mV 0C Model Minimum Pulse Width 'OSC_50_BANK6'
Slack : 9.354
TNS   : 0.000

Type  : Fast 900mV 0C Model Minimum Pulse Width 'OSC_50_BANK2'
Slack : 9.357
TNS   : 0.000

Type  : Fast 900mV 0C Model Minimum Pulse Width 'OSC_50_BANK3'
Slack : 9.567
TNS   : 0.000

Type  : Fast 900mV 0C Model Minimum Pulse Width 'SOPC_INST|the_pll|the_pll|altpll_component|auto_generated|pll1|clk[1]'
Slack : 49.216
TNS   : 0.000

Type  : Fast 900mV 0C Model Minimum Pulse Width 'altera_reserved_tck'
Slack : 49.290
TNS   : 0.000

------------------------------------------------------------
