------------------------------------------------------------
TimeQuest Timing Analyzer Summary
------------------------------------------------------------

Type  : Slow 900mV 85C Model Setup 'pll_125_ins|altpll_component|auto_generated|pll1|clk[0]'
Slack : 0.611
TNS   : 0.000

Type  : Slow 900mV 85C Model Setup 'SOPC_INST|the_altpll_0|sd1|pll7|clk[0]'
Slack : 1.217
TNS   : 0.000

Type  : Slow 900mV 85C Model Setup 'SOPC_INST|the_tse_mac|altera_tse_mac_pcs_pma_inst|the_altera_tse_pma_lvds_rx|ALTLVDS_RX_component|auto_generated|rx[0]|clk0'
Slack : 2.993
TNS   : 0.000

Type  : Slow 900mV 85C Model Setup 'OSC_50_BANK3'
Slack : 17.750
TNS   : 0.000

Type  : Slow 900mV 85C Model Setup 'OSC_50_BANK2'
Slack : 18.176
TNS   : 0.000

Type  : Slow 900mV 85C Model Setup 'OSC_50_BANK6'
Slack : 18.540
TNS   : 0.000

Type  : Slow 900mV 85C Model Setup 'altera_reserved_tck'
Slack : 47.469
TNS   : 0.000

Type  : Slow 900mV 85C Model Setup 'SOPC_INST|the_altpll_0|sd1|pll7|clk[1]'
Slack : 94.805
TNS   : 0.000

Type  : Slow 900mV 85C Model Hold 'pll_125_ins|altpll_component|auto_generated|pll1|clk[0]'
Slack : -0.022
TNS   : -0.022

Type  : Slow 900mV 85C Model Hold 'SOPC_INST|the_altpll_0|sd1|pll7|clk[0]'
Slack : 0.062
TNS   : 0.000

Type  : Slow 900mV 85C Model Hold 'SOPC_INST|the_tse_mac|altera_tse_mac_pcs_pma_inst|the_altera_tse_pma_lvds_rx|ALTLVDS_RX_component|auto_generated|rx[0]|clk0'
Slack : 0.120
TNS   : 0.000

Type  : Slow 900mV 85C Model Hold 'OSC_50_BANK6'
Slack : 0.231
TNS   : 0.000

Type  : Slow 900mV 85C Model Hold 'altera_reserved_tck'
Slack : 0.242
TNS   : 0.000

Type  : Slow 900mV 85C Model Hold 'SOPC_INST|the_altpll_0|sd1|pll7|clk[1]'
Slack : 0.255
TNS   : 0.000

Type  : Slow 900mV 85C Model Hold 'OSC_50_BANK2'
Slack : 0.259
TNS   : 0.000

Type  : Slow 900mV 85C Model Hold 'OSC_50_BANK3'
Slack : 0.311
TNS   : 0.000

Type  : Slow 900mV 85C Model Recovery 'SOPC_INST|the_altpll_0|sd1|pll7|clk[0]'
Slack : 0.638
TNS   : 0.000

Type  : Slow 900mV 85C Model Recovery 'SOPC_INST|the_tse_mac|altera_tse_mac_pcs_pma_inst|the_altera_tse_pma_lvds_rx|ALTLVDS_RX_component|auto_generated|rx[0]|clk0'
Slack : 3.039
TNS   : 0.000

Type  : Slow 900mV 85C Model Recovery 'pll_125_ins|altpll_component|auto_generated|pll1|clk[0]'
Slack : 4.948
TNS   : 0.000

Type  : Slow 900mV 85C Model Recovery 'SOPC_INST|the_altpll_0|sd1|pll7|clk[1]'
Slack : 11.660
TNS   : 0.000

Type  : Slow 900mV 85C Model Recovery 'OSC_50_BANK6'
Slack : 14.622
TNS   : 0.000

Type  : Slow 900mV 85C Model Recovery 'OSC_50_BANK3'
Slack : 18.092
TNS   : 0.000

Type  : Slow 900mV 85C Model Recovery 'altera_reserved_tck'
Slack : 48.616
TNS   : 0.000

Type  : Slow 900mV 85C Model Removal 'SOPC_INST|the_altpll_0|sd1|pll7|clk[0]'
Slack : 0.188
TNS   : 0.000

Type  : Slow 900mV 85C Model Removal 'pll_125_ins|altpll_component|auto_generated|pll1|clk[0]'
Slack : 0.445
TNS   : 0.000

Type  : Slow 900mV 85C Model Removal 'SOPC_INST|the_tse_mac|altera_tse_mac_pcs_pma_inst|the_altera_tse_pma_lvds_rx|ALTLVDS_RX_component|auto_generated|rx[0]|clk0'
Slack : 0.449
TNS   : 0.000

Type  : Slow 900mV 85C Model Removal 'altera_reserved_tck'
Slack : 0.490
TNS   : 0.000

Type  : Slow 900mV 85C Model Removal 'SOPC_INST|the_altpll_0|sd1|pll7|clk[1]'
Slack : 0.656
TNS   : 0.000

Type  : Slow 900mV 85C Model Removal 'OSC_50_BANK6'
Slack : 0.872
TNS   : 0.000

Type  : Slow 900mV 85C Model Removal 'OSC_50_BANK3'
Slack : 0.885
TNS   : 0.000

Type  : Slow 900mV 85C Model Minimum Pulse Width 'SOPC_INST|the_tse_mac|altera_tse_mac_pcs_pma_inst|the_altera_tse_pma_lvds_rx|ALTLVDS_RX_component|auto_generated|pll|clk[0]'
Slack : 0.113
TNS   : 0.000

Type  : Slow 900mV 85C Model Minimum Pulse Width 'SOPC_INST|the_tse_mac|altera_tse_mac_pcs_pma_inst|the_altera_tse_pma_lvds_rx|ALTLVDS_RX_component|auto_generated|rx[0]|clk0'
Slack : 3.076
TNS   : 0.000

Type  : Slow 900mV 85C Model Minimum Pulse Width 'pll_125_ins|altpll_component|auto_generated|pll1|clk[0]'
Slack : 3.198
TNS   : 0.000

Type  : Slow 900mV 85C Model Minimum Pulse Width 'SOPC_INST|the_altpll_0|sd1|pll7|clk[0]'
Slack : 9.200
TNS   : 0.000

Type  : Slow 900mV 85C Model Minimum Pulse Width 'OSC_50_BANK3'
Slack : 9.284
TNS   : 0.000

Type  : Slow 900mV 85C Model Minimum Pulse Width 'OSC_50_BANK6'
Slack : 9.423
TNS   : 0.000

Type  : Slow 900mV 85C Model Minimum Pulse Width 'OSC_50_BANK2'
Slack : 9.427
TNS   : 0.000

Type  : Slow 900mV 85C Model Minimum Pulse Width 'SOPC_INST|the_altpll_0|sd1|pll7|clk[1]'
Slack : 49.213
TNS   : 0.000

Type  : Slow 900mV 85C Model Minimum Pulse Width 'altera_reserved_tck'
Slack : 49.401
TNS   : 0.000

Type  : Slow 900mV 0C Model Setup 'pll_125_ins|altpll_component|auto_generated|pll1|clk[0]'
Slack : 0.759
TNS   : 0.000

Type  : Slow 900mV 0C Model Setup 'SOPC_INST|the_altpll_0|sd1|pll7|clk[0]'
Slack : 1.315
TNS   : 0.000

Type  : Slow 900mV 0C Model Setup 'SOPC_INST|the_tse_mac|altera_tse_mac_pcs_pma_inst|the_altera_tse_pma_lvds_rx|ALTLVDS_RX_component|auto_generated|rx[0]|clk0'
Slack : 3.019
TNS   : 0.000

Type  : Slow 900mV 0C Model Setup 'OSC_50_BANK3'
Slack : 17.843
TNS   : 0.000

Type  : Slow 900mV 0C Model Setup 'OSC_50_BANK2'
Slack : 18.259
TNS   : 0.000

Type  : Slow 900mV 0C Model Setup 'OSC_50_BANK6'
Slack : 18.599
TNS   : 0.000

Type  : Slow 900mV 0C Model Setup 'altera_reserved_tck'
Slack : 47.556
TNS   : 0.000

Type  : Slow 900mV 0C Model Setup 'SOPC_INST|the_altpll_0|sd1|pll7|clk[1]'
Slack : 95.007
TNS   : 0.000

Type  : Slow 900mV 0C Model Hold 'pll_125_ins|altpll_component|auto_generated|pll1|clk[0]'
Slack : -0.024
TNS   : -0.024

Type  : Slow 900mV 0C Model Hold 'SOPC_INST|the_altpll_0|sd1|pll7|clk[0]'
Slack : 0.066
TNS   : 0.000

Type  : Slow 900mV 0C Model Hold 'SOPC_INST|the_tse_mac|altera_tse_mac_pcs_pma_inst|the_altera_tse_pma_lvds_rx|ALTLVDS_RX_component|auto_generated|rx[0]|clk0'
Slack : 0.102
TNS   : 0.000

Type  : Slow 900mV 0C Model Hold 'OSC_50_BANK6'
Slack : 0.219
TNS   : 0.000

Type  : Slow 900mV 0C Model Hold 'altera_reserved_tck'
Slack : 0.240
TNS   : 0.000

Type  : Slow 900mV 0C Model Hold 'SOPC_INST|the_altpll_0|sd1|pll7|clk[1]'
Slack : 0.244
TNS   : 0.000

Type  : Slow 900mV 0C Model Hold 'OSC_50_BANK2'
Slack : 0.248
TNS   : 0.000

Type  : Slow 900mV 0C Model Hold 'OSC_50_BANK3'
Slack : 0.304
TNS   : 0.000

Type  : Slow 900mV 0C Model Recovery 'SOPC_INST|the_altpll_0|sd1|pll7|clk[0]'
Slack : 0.790
TNS   : 0.000

Type  : Slow 900mV 0C Model Recovery 'SOPC_INST|the_tse_mac|altera_tse_mac_pcs_pma_inst|the_altera_tse_pma_lvds_rx|ALTLVDS_RX_component|auto_generated|rx[0]|clk0'
Slack : 3.294
TNS   : 0.000

Type  : Slow 900mV 0C Model Recovery 'pll_125_ins|altpll_component|auto_generated|pll1|clk[0]'
Slack : 5.099
TNS   : 0.000

Type  : Slow 900mV 0C Model Recovery 'SOPC_INST|the_altpll_0|sd1|pll7|clk[1]'
Slack : 12.070
TNS   : 0.000

Type  : Slow 900mV 0C Model Recovery 'OSC_50_BANK6'
Slack : 14.950
TNS   : 0.000

Type  : Slow 900mV 0C Model Recovery 'OSC_50_BANK3'
Slack : 18.195
TNS   : 0.000

Type  : Slow 900mV 0C Model Recovery 'altera_reserved_tck'
Slack : 48.649
TNS   : 0.000

Type  : Slow 900mV 0C Model Removal 'SOPC_INST|the_altpll_0|sd1|pll7|clk[0]'
Slack : 0.180
TNS   : 0.000

Type  : Slow 900mV 0C Model Removal 'pll_125_ins|altpll_component|auto_generated|pll1|clk[0]'
Slack : 0.432
TNS   : 0.000

Type  : Slow 900mV 0C Model Removal 'SOPC_INST|the_tse_mac|altera_tse_mac_pcs_pma_inst|the_altera_tse_pma_lvds_rx|ALTLVDS_RX_component|auto_generated|rx[0]|clk0'
Slack : 0.435
TNS   : 0.000

Type  : Slow 900mV 0C Model Removal 'altera_reserved_tck'
Slack : 0.478
TNS   : 0.000

Type  : Slow 900mV 0C Model Removal 'SOPC_INST|the_altpll_0|sd1|pll7|clk[1]'
Slack : 0.627
TNS   : 0.000

Type  : Slow 900mV 0C Model Removal 'OSC_50_BANK6'
Slack : 0.707
TNS   : 0.000

Type  : Slow 900mV 0C Model Removal 'OSC_50_BANK3'
Slack : 0.834
TNS   : 0.000

Type  : Slow 900mV 0C Model Minimum Pulse Width 'SOPC_INST|the_tse_mac|altera_tse_mac_pcs_pma_inst|the_altera_tse_pma_lvds_rx|ALTLVDS_RX_component|auto_generated|pll|clk[0]'
Slack : 0.115
TNS   : 0.000

Type  : Slow 900mV 0C Model Minimum Pulse Width 'SOPC_INST|the_tse_mac|altera_tse_mac_pcs_pma_inst|the_altera_tse_pma_lvds_rx|ALTLVDS_RX_component|auto_generated|rx[0]|clk0'
Slack : 3.080
TNS   : 0.000

Type  : Slow 900mV 0C Model Minimum Pulse Width 'pll_125_ins|altpll_component|auto_generated|pll1|clk[0]'
Slack : 3.215
TNS   : 0.000

Type  : Slow 900mV 0C Model Minimum Pulse Width 'SOPC_INST|the_altpll_0|sd1|pll7|clk[0]'
Slack : 9.213
TNS   : 0.000

Type  : Slow 900mV 0C Model Minimum Pulse Width 'OSC_50_BANK3'
Slack : 9.292
TNS   : 0.000

Type  : Slow 900mV 0C Model Minimum Pulse Width 'OSC_50_BANK6'
Slack : 9.425
TNS   : 0.000

Type  : Slow 900mV 0C Model Minimum Pulse Width 'OSC_50_BANK2'
Slack : 9.428
TNS   : 0.000

Type  : Slow 900mV 0C Model Minimum Pulse Width 'SOPC_INST|the_altpll_0|sd1|pll7|clk[1]'
Slack : 49.231
TNS   : 0.000

Type  : Slow 900mV 0C Model Minimum Pulse Width 'altera_reserved_tck'
Slack : 49.389
TNS   : 0.000

Type  : Fast 900mV 0C Model Setup 'pll_125_ins|altpll_component|auto_generated|pll1|clk[0]'
Slack : 2.120
TNS   : 0.000

Type  : Fast 900mV 0C Model Setup 'SOPC_INST|the_altpll_0|sd1|pll7|clk[0]'
Slack : 2.255
TNS   : 0.000

Type  : Fast 900mV 0C Model Setup 'SOPC_INST|the_tse_mac|altera_tse_mac_pcs_pma_inst|the_altera_tse_pma_lvds_rx|ALTLVDS_RX_component|auto_generated|rx[0]|clk0'
Slack : 3.341
TNS   : 0.000

Type  : Fast 900mV 0C Model Setup 'OSC_50_BANK3'
Slack : 18.868
TNS   : 0.000

Type  : Fast 900mV 0C Model Setup 'OSC_50_BANK2'
Slack : 18.997
TNS   : 0.000

Type  : Fast 900mV 0C Model Setup 'OSC_50_BANK6'
Slack : 19.138
TNS   : 0.000

Type  : Fast 900mV 0C Model Setup 'altera_reserved_tck'
Slack : 48.806
TNS   : 0.000

Type  : Fast 900mV 0C Model Setup 'SOPC_INST|the_altpll_0|sd1|pll7|clk[1]'
Slack : 96.884
TNS   : 0.000

Type  : Fast 900mV 0C Model Hold 'pll_125_ins|altpll_component|auto_generated|pll1|clk[0]'
Slack : -0.134
TNS   : -0.742

Type  : Fast 900mV 0C Model Hold 'SOPC_INST|the_altpll_0|sd1|pll7|clk[0]'
Slack : 0.075
TNS   : 0.000

Type  : Fast 900mV 0C Model Hold 'SOPC_INST|the_tse_mac|altera_tse_mac_pcs_pma_inst|the_altera_tse_pma_lvds_rx|ALTLVDS_RX_component|auto_generated|rx[0]|clk0'
Slack : 0.080
TNS   : 0.000

Type  : Fast 900mV 0C Model Hold 'altera_reserved_tck'
Slack : 0.135
TNS   : 0.000

Type  : Fast 900mV 0C Model Hold 'OSC_50_BANK6'
Slack : 0.138
TNS   : 0.000

Type  : Fast 900mV 0C Model Hold 'OSC_50_BANK2'
Slack : 0.141
TNS   : 0.000

Type  : Fast 900mV 0C Model Hold 'SOPC_INST|the_altpll_0|sd1|pll7|clk[1]'
Slack : 0.141
TNS   : 0.000

Type  : Fast 900mV 0C Model Hold 'OSC_50_BANK3'
Slack : 0.166
TNS   : 0.000

Type  : Fast 900mV 0C Model Recovery 'SOPC_INST|the_altpll_0|sd1|pll7|clk[0]'
Slack : 1.801
TNS   : 0.000

Type  : Fast 900mV 0C Model Recovery 'SOPC_INST|the_tse_mac|altera_tse_mac_pcs_pma_inst|the_altera_tse_pma_lvds_rx|ALTLVDS_RX_component|auto_generated|rx[0]|clk0'
Slack : 4.910
TNS   : 0.000

Type  : Fast 900mV 0C Model Recovery 'pll_125_ins|altpll_component|auto_generated|pll1|clk[0]'
Slack : 6.112
TNS   : 0.000

Type  : Fast 900mV 0C Model Recovery 'SOPC_INST|the_altpll_0|sd1|pll7|clk[1]'
Slack : 14.717
TNS   : 0.000

Type  : Fast 900mV 0C Model Recovery 'OSC_50_BANK6'
Slack : 16.546
TNS   : 0.000

Type  : Fast 900mV 0C Model Recovery 'OSC_50_BANK3'
Slack : 18.865
TNS   : 0.000

Type  : Fast 900mV 0C Model Recovery 'altera_reserved_tck'
Slack : 49.447
TNS   : 0.000

Type  : Fast 900mV 0C Model Removal 'SOPC_INST|the_altpll_0|sd1|pll7|clk[0]'
Slack : 0.158
TNS   : 0.000

Type  : Fast 900mV 0C Model Removal 'SOPC_INST|the_tse_mac|altera_tse_mac_pcs_pma_inst|the_altera_tse_pma_lvds_rx|ALTLVDS_RX_component|auto_generated|rx[0]|clk0'
Slack : 0.258
TNS   : 0.000

Type  : Fast 900mV 0C Model Removal 'pll_125_ins|altpll_component|auto_generated|pll1|clk[0]'
Slack : 0.259
TNS   : 0.000

Type  : Fast 900mV 0C Model Removal 'altera_reserved_tck'
Slack : 0.277
TNS   : 0.000

Type  : Fast 900mV 0C Model Removal 'SOPC_INST|the_altpll_0|sd1|pll7|clk[1]'
Slack : 0.391
TNS   : 0.000

Type  : Fast 900mV 0C Model Removal 'OSC_50_BANK3'
Slack : 0.509
TNS   : 0.000

Type  : Fast 900mV 0C Model Removal 'OSC_50_BANK6'
Slack : 0.514
TNS   : 0.000

Type  : Fast 900mV 0C Model Minimum Pulse Width 'SOPC_INST|the_tse_mac|altera_tse_mac_pcs_pma_inst|the_altera_tse_pma_lvds_rx|ALTLVDS_RX_component|auto_generated|pll|clk[0]'
Slack : 0.168
TNS   : 0.000

Type  : Fast 900mV 0C Model Minimum Pulse Width 'SOPC_INST|the_tse_mac|altera_tse_mac_pcs_pma_inst|the_altera_tse_pma_lvds_rx|ALTLVDS_RX_component|auto_generated|rx[0]|clk0'
Slack : 3.196
TNS   : 0.000

Type  : Fast 900mV 0C Model Minimum Pulse Width 'pll_125_ins|altpll_component|auto_generated|pll1|clk[0]'
Slack : 3.201
TNS   : 0.000

Type  : Fast 900mV 0C Model Minimum Pulse Width 'SOPC_INST|the_altpll_0|sd1|pll7|clk[0]'
Slack : 9.203
TNS   : 0.000

Type  : Fast 900mV 0C Model Minimum Pulse Width 'OSC_50_BANK6'
Slack : 9.353
TNS   : 0.000

Type  : Fast 900mV 0C Model Minimum Pulse Width 'OSC_50_BANK2'
Slack : 9.357
TNS   : 0.000

Type  : Fast 900mV 0C Model Minimum Pulse Width 'OSC_50_BANK3'
Slack : 9.568
TNS   : 0.000

Type  : Fast 900mV 0C Model Minimum Pulse Width 'SOPC_INST|the_altpll_0|sd1|pll7|clk[1]'
Slack : 49.214
TNS   : 0.000

Type  : Fast 900mV 0C Model Minimum Pulse Width 'altera_reserved_tck'
Slack : 49.336
TNS   : 0.000

------------------------------------------------------------
