Flow report for MebX_Quartus_Project
Tue Sep 03 21:19:08 2019
Quartus Prime Version 18.1.0 Build 625 09/12/2018 SJ Standard Edition


---------------------
; Table of Contents ;
---------------------
  1. Legal Notice
  2. Flow Summary
  3. Flow Settings
  4. Flow Non-Default Global Settings
  5. Flow Elapsed Time
  6. Flow OS Summary
  7. Flow Log
  8. Flow Messages
  9. Flow Suppressed Messages



----------------
; Legal Notice ;
----------------
Copyright (C) 2018  Intel Corporation. All rights reserved.
Your use of Intel Corporation's design tools, logic functions 
and other software and tools, and its AMPP partner logic 
functions, and any output files from any of the foregoing 
(including device programming or simulation files), and any 
associated documentation or information are expressly subject 
to the terms and conditions of the Intel Program License 
Subscription Agreement, the Intel Quartus Prime License Agreement,
the Intel FPGA IP License Agreement, or other applicable license
agreement, including, without limitation, that your use is for
the sole purpose of programming logic devices manufactured by
Intel and sold by Intel or its authorized distributors.  Please
refer to the applicable agreement for further details.



+-------------------------------------------------------------------------------------+
; Flow Summary                                                                        ;
+-----------------------------------+-------------------------------------------------+
; Flow Status                       ; Successful - Tue Sep 03 21:19:08 2019           ;
; Quartus Prime Version             ; 18.1.0 Build 625 09/12/2018 SJ Standard Edition ;
; Revision Name                     ; MebX_Quartus_Project                            ;
; Top-level Entity Name             ; MebX_TopLevel                                   ;
; Family                            ; Stratix IV                                      ;
; Device                            ; EP4SGX230KF40C2                                 ;
; Timing Models                     ; Final                                           ;
; Logic utilization                 ; 25 %                                            ;
;     Combinational ALUTs           ; 36,089 / 182,400 ( 20 % )                       ;
;     Memory ALUTs                  ; 468 / 91,200 ( < 1 % )                          ;
;     Dedicated logic registers     ; 31,815 / 182,400 ( 17 % )                       ;
; Total registers                   ; 33103                                           ;
; Total pins                        ; 502 / 888 ( 57 % )                              ;
; Total virtual pins                ; 0                                               ;
; Total block memory bits           ; 3,643,176 / 14,625,792 ( 25 % )                 ;
; DSP block 18-bit elements         ; 8 / 1,288 ( < 1 % )                             ;
; Total GXB Receiver Channel PCS    ; 0 / 24 ( 0 % )                                  ;
; Total GXB Receiver Channel PMA    ; 0 / 36 ( 0 % )                                  ;
; Total GXB Transmitter Channel PCS ; 0 / 24 ( 0 % )                                  ;
; Total GXB Transmitter Channel PMA ; 0 / 36 ( 0 % )                                  ;
; Total PLLs                        ; 2 / 8 ( 25 % )                                  ;
; Total DLLs                        ; 2 / 4 ( 50 % )                                  ;
+-----------------------------------+-------------------------------------------------+


+------------------------------------------+
; Flow Settings                            ;
+-------------------+----------------------+
; Option            ; Setting              ;
+-------------------+----------------------+
; Start date & time ; 09/03/2019 20:51:36  ;
; Main task         ; Compilation          ;
; Revision Name     ; MebX_Quartus_Project ;
+-------------------+----------------------+


+---------------------------------------------------------------------------------------------------------------------------------------------------------------------------------------------------------------+
; Flow Non-Default Global Settings                                                                                                                                                                              ;
+---------------------------------------------------+-------------------------------------------------------------------------------+--------------------------------------+-------------------+----------------+
; Assignment Name                                   ; Value                                                                         ; Default Value                        ; Entity Name       ; Section Id     ;
+---------------------------------------------------+-------------------------------------------------------------------------------+--------------------------------------+-------------------+----------------+
; ADV_NETLIST_OPT_SYNTH_WYSIWYG_REMAP               ; On                                                                            ; Off                                  ; --                ; --             ;
; COMPILER_SIGNATURE_ID                             ; 66485671440360.156755469125880                                                ; --                                   ; --                ; --             ;
; ECO_REGENERATE_REPORT                             ; On                                                                            ; Off                                  ; --                ; --             ;
; EDA_OUTPUT_DATA_FORMAT                            ; Vhdl                                                                          ; --                                   ; --                ; eda_simulation ;
; EDA_SIMULATION_TOOL                               ; ModelSim-Altera (VHDL)                                                        ; <None>                               ; --                ; --             ;
; ENABLE_SIGNALTAP                                  ; Off                                                                           ; --                                   ; --                ; --             ;
; FITTER_EFFORT                                     ; Standard Fit                                                                  ; Auto Fit                             ; --                ; --             ;
; FLOW_ENABLE_IO_ASSIGNMENT_ANALYSIS                ; On                                                                            ; Off                                  ; --                ; --             ;
; MAX_CORE_JUNCTION_TEMP                            ; 85                                                                            ; --                                   ; --                ; --             ;
; MIN_CORE_JUNCTION_TEMP                            ; 0                                                                             ; --                                   ; --                ; --             ;
; MISC_FILE                                         ; ../Qsys_Project/MebX_Qsys_Project/synthesis/../MebX_Qsys_Project.cmp          ; --                                   ; --                ; --             ;
; MISC_FILE                                         ; ../Qsys_Project/MebX_Qsys_Project/synthesis/../../MebX_Qsys_Project.qsys      ; --                                   ; --                ; --             ;
; MISC_FILE                                         ; ../Qsys_Project/MebX_Qsys_Project/synthesis/submodules/alt_mem_ddrx_define.iv ; --                                   ; --                ; --             ;
; MISC_FILE                                         ; ../Hardware_Project/IPCore/pll_125.bsf                                        ; --                                   ; --                ; --             ;
; MISC_FILE                                         ; ../Hardware_Project/IPCore/pll_125_bb.v                                       ; --                                   ; --                ; --             ;
; MISC_FILE                                         ; ../Hardware_Project/IPCore/pll_125.cmp                                        ; --                                   ; --                ; --             ;
; MISC_FILE                                         ; ../Hardware_Project/IPCore/pll_125.ppf                                        ; --                                   ; --                ; --             ;
; MISC_FILE                                         ; ../Hardware_Project/IPCore/FIFO_Codec/fifo_codec.bsf                          ; --                                   ; --                ; --             ;
; MISC_FILE                                         ; ../Hardware_Project/IPCore/FIFO_Codec/fifo_codec_inst.vhd                     ; --                                   ; --                ; --             ;
; MISC_FILE                                         ; ../Hardware_Project/IPCore/FIFO_Codec/fifo_codec.inc                          ; --                                   ; --                ; --             ;
; MISC_FILE                                         ; ../Hardware_Project/IPCore/FIFO_Codec/fifo_codec.cmp                          ; --                                   ; --                ; --             ;
; MISC_FILE                                         ; ../Hardware_Project/IPCore/LVDS/TX_LVDS.bsf                                   ; --                                   ; --                ; --             ;
; MISC_FILE                                         ; ../Hardware_Project/IPCore/LVDS/TX_LVDS_inst.vhd                              ; --                                   ; --                ; --             ;
; MISC_FILE                                         ; ../Hardware_Project/IPCore/LVDS/TX_LVDS.inc                                   ; --                                   ; --                ; --             ;
; MISC_FILE                                         ; ../Hardware_Project/IPCore/LVDS/TX_LVDS.cmp                                   ; --                                   ; --                ; --             ;
; MISC_FILE                                         ; ../Hardware_Project/IPCore/LVDS/TX_LVDS.ppf                                   ; --                                   ; --                ; --             ;
; MISC_FILE                                         ; ../Hardware_Project/IPCore/LVDS/RX_LVDS.bsf                                   ; --                                   ; --                ; --             ;
; MISC_FILE                                         ; ../Hardware_Project/IPCore/LVDS/RX_LVDS_inst.vhd                              ; --                                   ; --                ; --             ;
; MISC_FILE                                         ; ../Hardware_Project/IPCore/LVDS/RX_LVDS.inc                                   ; --                                   ; --                ; --             ;
; MISC_FILE                                         ; ../Hardware_Project/IPCore/LVDS/RX_LVDS.cmp                                   ; --                                   ; --                ; --             ;
; MISC_FILE                                         ; ../Hardware_Project/IPCore/LVDS/RX_LVDS.ppf                                   ; --                                   ; --                ; --             ;
; MISC_FILE                                         ; ../Hardware_Project/IPCore/PLL.bsf                                            ; --                                   ; --                ; --             ;
; MISC_FILE                                         ; ../Hardware_Project/IPCore/PLL_inst.vhd                                       ; --                                   ; --                ; --             ;
; MISC_FILE                                         ; ../Hardware_Project/IPCore/PLL.inc                                            ; --                                   ; --                ; --             ;
; MISC_FILE                                         ; ../Hardware_Project/IPCore/PLL.cmp                                            ; --                                   ; --                ; --             ;
; MISC_FILE                                         ; ../Hardware_Project/IPCore/PLL.ppf                                            ; --                                   ; --                ; --             ;
; MUX_RESTRUCTURE                                   ; Off                                                                           ; Auto                                 ; --                ; --             ;
; NUM_PARALLEL_PROCESSORS                           ; All                                                                           ; --                                   ; --                ; --             ;
; OPTIMIZATION_MODE                                 ; Aggressive Performance                                                        ; Balanced                             ; --                ; --             ;
; OPTIMIZATION_TECHNIQUE                            ; Speed                                                                         ; Balanced                             ; --                ; --             ;
; PARTITION_COLOR                                   ; -- (Not supported for targeted family)                                        ; --                                   ; MebX_TopLevel     ; Top            ;
; PARTITION_FITTER_PRESERVATION_LEVEL               ; -- (Not supported for targeted family)                                        ; --                                   ; MebX_TopLevel     ; Top            ;
; PARTITION_NETLIST_TYPE                            ; -- (Not supported for targeted family)                                        ; --                                   ; MebX_TopLevel     ; Top            ;
; PHYSICAL_SYNTHESIS_ASYNCHRONOUS_SIGNAL_PIPELINING ; On                                                                            ; Off                                  ; --                ; --             ;
; PHYSICAL_SYNTHESIS_COMBO_LOGIC                    ; On                                                                            ; Off                                  ; --                ; --             ;
; PHYSICAL_SYNTHESIS_REGISTER_DUPLICATION           ; On                                                                            ; Off                                  ; --                ; --             ;
; PHYSICAL_SYNTHESIS_REGISTER_RETIMING              ; On                                                                            ; Off                                  ; --                ; --             ;
; PLACEMENT_EFFORT_MULTIPLIER                       ; 4.0                                                                           ; 1.0                                  ; --                ; --             ;
; POWER_BOARD_THERMAL_MODEL                         ; None (CONSERVATIVE)                                                           ; --                                   ; --                ; --             ;
; POWER_PRESET_COOLING_SOLUTION                     ; 23 MM HEAT SINK WITH 200 LFPM AIRFLOW                                         ; --                                   ; --                ; --             ;
; PROJECT_IP_REGENERATION_POLICY                    ; ALWAYS_REGENERATE_IP                                                          ; SKIP_REGENERATING_IP_IF_HDL_MODIFIED ; --                ; --             ;
; PROJECT_OUTPUT_DIRECTORY                          ; output_files                                                                  ; --                                   ; --                ; --             ;
; QII_AUTO_PACKED_REGISTERS                         ; Normal                                                                        ; Auto                                 ; --                ; --             ;
; ROUTER_CLOCKING_TOPOLOGY_ANALYSIS                 ; On                                                                            ; Off                                  ; --                ; --             ;
; ROUTER_LCELL_INSERTION_AND_LOGIC_DUPLICATION      ; On                                                                            ; Auto                                 ; --                ; --             ;
; ROUTER_TIMING_OPTIMIZATION_LEVEL                  ; MAXIMUM                                                                       ; Normal                               ; --                ; --             ;
; SAVE_DISK_SPACE                                   ; Off                                                                           ; On                                   ; --                ; --             ;
; SLD_FILE                                          ; ../Qsys_Project/MebX_Qsys_Project/synthesis/MebX_Qsys_Project.regmap          ; --                                   ; --                ; --             ;
; SLD_FILE                                          ; ../Qsys_Project/MebX_Qsys_Project/synthesis/MebX_Qsys_Project.debuginfo       ; --                                   ; --                ; --             ;
; SLD_INFO                                          ; QSYS_NAME MebX_Qsys_Project HAS_SOPCINFO 1 GENERATION_ID 1567457107           ; --                                   ; MebX_Qsys_Project ; --             ;
; SMART_RECOMPILE                                   ; On                                                                            ; Off                                  ; --                ; --             ;
; SOPCINFO_FILE                                     ; ../Qsys_Project/MebX_Qsys_Project/synthesis/../../MebX_Qsys_Project.sopcinfo  ; --                                   ; --                ; --             ;
; STATE_MACHINE_PROCESSING                          ; One-Hot                                                                       ; Auto                                 ; --                ; --             ;
; SYNTHESIS_ONLY_QIP                                ; On                                                                            ; --                                   ; --                ; --             ;
; TOP_LEVEL_ENTITY                                  ; MebX_TopLevel                                                                 ; MebX_Quartus_Project                 ; --                ; --             ;
+---------------------------------------------------+-------------------------------------------------------------------------------+--------------------------------------+-------------------+----------------+


+-----------------------------------------------------------------------------------------------------------------------------+
; Flow Elapsed Time                                                                                                           ;
+-------------------------+--------------+-------------------------+---------------------+------------------------------------+
; Module Name             ; Elapsed Time ; Average Processors Used ; Peak Virtual Memory ; Total CPU Time (on all processors) ;
+-------------------------+--------------+-------------------------+---------------------+------------------------------------+
; Analysis & Synthesis    ; 00:06:45     ; 1.0                     ; 2529 MB             ; 00:07:05                           ;
; I/O Assignment Analysis ; 00:02:15     ; 1.0                     ; 1422 MB             ; 00:02:13                           ;
; Fitter                  ; 00:14:32     ; 1.2                     ; 3272 MB             ; 00:26:43                           ;
; Assembler               ; 00:00:29     ; 1.0                     ; 1081 MB             ; 00:00:28                           ;
; Timing Analyzer         ; 00:01:41     ; 1.2                     ; 1693 MB             ; 00:01:51                           ;
; EDA Netlist Writer      ; 00:01:09     ; 1.0                     ; 1253 MB             ; 00:01:05                           ;
; Total                   ; 00:26:51     ; --                      ; --                  ; 00:39:25                           ;
+-------------------------+--------------+-------------------------+---------------------+------------------------------------+


+--------------------------------------------------------------------------------------+
; Flow OS Summary                                                                      ;
+-------------------------+------------------+-----------+------------+----------------+
; Module Name             ; Machine Hostname ; OS Name   ; OS Version ; Processor type ;
+-------------------------+------------------+-----------+------------+----------------+
; Analysis & Synthesis    ; NSEE-H125-01     ; Windows 7 ; 6.1        ; x86_64         ;
; I/O Assignment Analysis ; NSEE-H125-01     ; Windows 7 ; 6.1        ; x86_64         ;
; Fitter                  ; NSEE-H125-01     ; Windows 7 ; 6.1        ; x86_64         ;
; Assembler               ; NSEE-H125-01     ; Windows 7 ; 6.1        ; x86_64         ;
; Timing Analyzer         ; NSEE-H125-01     ; Windows 7 ; 6.1        ; x86_64         ;
; EDA Netlist Writer      ; NSEE-H125-01     ; Windows 7 ; 6.1        ; x86_64         ;
+-------------------------+------------------+-----------+------------+----------------+


------------
; Flow Log ;
------------
quartus_map --read_settings_files=on --write_settings_files=off MebX_Quartus_Project -c MebX_Quartus_Project
quartus_fit --read_settings_files=off --write_settings_files=off MebX_Quartus_Project -c MebX_Quartus_Project --plan
quartus_fit --read_settings_files=off --write_settings_files=off MebX_Quartus_Project -c MebX_Quartus_Project
quartus_asm --read_settings_files=off --write_settings_files=off MebX_Quartus_Project -c MebX_Quartus_Project
quartus_sta MebX_Quartus_Project -c MebX_Quartus_Project
quartus_eda --read_settings_files=off --write_settings_files=off MebX_Quartus_Project -c MebX_Quartus_Project



