------------------------------------------------------------
Timing Analyzer Summary
------------------------------------------------------------

Type  : Slow 900mV 85C Model Setup 'SOPC_INST|m2_ddr2_memory|pll0|pll_afi_clk'
Slack : -0.054
TNS   : -0.054

Type  : Slow 900mV 85C Model Setup 'M2_DDR2_clk[1]'
Slack : 0.177
TNS   : 0.000

Type  : Slow 900mV 85C Model Setup 'M1_DDR2_clk[1]'
Slack : 0.191
TNS   : 0.000

Type  : Slow 900mV 85C Model Setup 'M1_DDR2_clk[0]'
Slack : 0.193
TNS   : 0.000

Type  : Slow 900mV 85C Model Setup 'M2_DDR2_clk[0]'
Slack : 0.199
TNS   : 0.000

Type  : Slow 900mV 85C Model Setup 'SOPC_INST|m1_ddr2_memory|pll0|pll_afi_clk'
Slack : 0.250
TNS   : 0.000

Type  : Slow 900mV 85C Model Setup 'SOPC_INST|m2_ddr2_memory|pll0|pll_afi_half_clk'
Slack : 0.465
TNS   : 0.000

Type  : Slow 900mV 85C Model Setup 'SOPC_INST|m2_ddr2_memory|pll0|pll_write_clk'
Slack : 0.697
TNS   : 0.000

Type  : Slow 900mV 85C Model Setup 'SOPC_INST|m2_ddr2_memory|pll0|pll_addr_cmd_clk'
Slack : 0.700
TNS   : 0.000

Type  : Slow 900mV 85C Model Setup 'FTDImoduleClk'
Slack : 0.776
TNS   : 0.000

Type  : Slow 900mV 85C Model Setup 'SOPC_INST|m1_ddr2_memory|pll0|pll_addr_cmd_clk'
Slack : 0.798
TNS   : 0.000

Type  : Slow 900mV 85C Model Setup 'SOPC_INST|m1_ddr2_memory|pll0|pll_write_clk'
Slack : 1.066
TNS   : 0.000

Type  : Slow 900mV 85C Model Setup 'SOPC_INST|m2_ddr2_memory|pll0|pll_avl_clk'
Slack : 1.240
TNS   : 0.000

Type  : Slow 900mV 85C Model Setup 'SOPC_INST|m2_ddr2_memory|MebX_Qsys_Project_m2_ddr2_memory_p0_leveling_clk'
Slack : 1.360
TNS   : 0.000

Type  : Slow 900mV 85C Model Setup 'SOPC_INST|m1_ddr2_memory|MebX_Qsys_Project_m1_ddr2_memory_p0_leveling_clk'
Slack : 1.729
TNS   : 0.000

Type  : Slow 900mV 85C Model Setup 'SOPC_INST|m1_ddr2_memory|pll0|pll_avl_clk'
Slack : 1.799
TNS   : 0.000

Type  : Slow 900mV 85C Model Setup 'SOPC_INST|m1_ddr2_memory|pll0|pll_afi_half_clk'
Slack : 2.342
TNS   : 0.000

Type  : Slow 900mV 85C Model Setup 'SOPC_INST|m2_ddr2_memory|pll0|pll_config_clk'
Slack : 4.517
TNS   : 0.000

Type  : Slow 900mV 85C Model Setup 'SOPC_INST|m1_ddr2_memory|pll0|pll_config_clk'
Slack : 5.010
TNS   : 0.000

Type  : Slow 900mV 85C Model Setup 'OSC_50_BANK4'
Slack : 8.506
TNS   : 0.000

Type  : Slow 900mV 85C Model Setup 'altera_reserved_tck'
Slack : 43.672
TNS   : 0.000

Type  : Slow 900mV 85C Model Hold 'SOPC_INST|m1_ddr2_memory|MebX_Qsys_Project_m1_ddr2_memory_p0_leveling_clk'
Slack : -0.028
TNS   : -0.624

Type  : Slow 900mV 85C Model Hold 'SOPC_INST|m2_ddr2_memory|pll0|pll_afi_half_clk'
Slack : 0.194
TNS   : 0.000

Type  : Slow 900mV 85C Model Hold 'OSC_50_BANK4'
Slack : 0.222
TNS   : 0.000

Type  : Slow 900mV 85C Model Hold 'SOPC_INST|m1_ddr2_memory|pll0|pll_afi_clk'
Slack : 0.222
TNS   : 0.000

Type  : Slow 900mV 85C Model Hold 'SOPC_INST|m2_ddr2_memory|pll0|pll_afi_clk'
Slack : 0.232
TNS   : 0.000

Type  : Slow 900mV 85C Model Hold 'FTDImoduleClk'
Slack : 0.275
TNS   : 0.000

Type  : Slow 900mV 85C Model Hold 'SOPC_INST|m1_ddr2_memory|pll0|pll_addr_cmd_clk'
Slack : 0.276
TNS   : 0.000

Type  : Slow 900mV 85C Model Hold 'SOPC_INST|m1_ddr2_memory|pll0|pll_afi_half_clk'
Slack : 0.276
TNS   : 0.000

Type  : Slow 900mV 85C Model Hold 'SOPC_INST|m1_ddr2_memory|pll0|pll_config_clk'
Slack : 0.277
TNS   : 0.000

Type  : Slow 900mV 85C Model Hold 'SOPC_INST|m2_ddr2_memory|pll0|pll_avl_clk'
Slack : 0.277
TNS   : 0.000

Type  : Slow 900mV 85C Model Hold 'SOPC_INST|m2_ddr2_memory|pll0|pll_addr_cmd_clk'
Slack : 0.279
TNS   : 0.000

Type  : Slow 900mV 85C Model Hold 'SOPC_INST|m2_ddr2_memory|pll0|pll_config_clk'
Slack : 0.280
TNS   : 0.000

Type  : Slow 900mV 85C Model Hold 'SOPC_INST|m1_ddr2_memory|pll0|pll_avl_clk'
Slack : 0.284
TNS   : 0.000

Type  : Slow 900mV 85C Model Hold 'altera_reserved_tck'
Slack : 0.324
TNS   : 0.000

Type  : Slow 900mV 85C Model Hold 'SOPC_INST|m2_ddr2_memory|MebX_Qsys_Project_m2_ddr2_memory_p0_leveling_clk'
Slack : 0.351
TNS   : 0.000

Type  : Slow 900mV 85C Model Hold 'M2_DDR2_clk[0]'
Slack : 0.578
TNS   : 0.000

Type  : Slow 900mV 85C Model Hold 'M1_DDR2_clk[0]'
Slack : 0.590
TNS   : 0.000

Type  : Slow 900mV 85C Model Hold 'M1_DDR2_clk[1]'
Slack : 0.593
TNS   : 0.000

Type  : Slow 900mV 85C Model Hold 'M2_DDR2_clk[1]'
Slack : 0.602
TNS   : 0.000

Type  : Slow 900mV 85C Model Hold 'SOPC_INST|m1_ddr2_memory|pll0|pll_write_clk'
Slack : 0.976
TNS   : 0.000

Type  : Slow 900mV 85C Model Hold 'SOPC_INST|m2_ddr2_memory|pll0|pll_write_clk'
Slack : 1.355
TNS   : 0.000

Type  : Slow 900mV 85C Model Recovery 'SOPC_INST|m2_ddr2_memory|pll0|pll_afi_clk'
Slack : -0.219
TNS   : -21.138

Type  : Slow 900mV 85C Model Recovery 'FTDImoduleClk'
Slack : 0.321
TNS   : 0.000

Type  : Slow 900mV 85C Model Recovery 'SOPC_INST|m1_ddr2_memory|pll0|pll_afi_clk'
Slack : 0.607
TNS   : 0.000

Type  : Slow 900mV 85C Model Recovery 'SOPC_INST|m2_ddr2_memory|pll0|pll_addr_cmd_clk'
Slack : 1.182
TNS   : 0.000

Type  : Slow 900mV 85C Model Recovery 'SOPC_INST|m2_ddr2_memory|pll0|pll_afi_half_clk'
Slack : 1.364
TNS   : 0.000

Type  : Slow 900mV 85C Model Recovery 'SOPC_INST|m1_ddr2_memory|pll0|pll_addr_cmd_clk'
Slack : 1.619
TNS   : 0.000

Type  : Slow 900mV 85C Model Recovery 'SOPC_INST|m1_ddr2_memory|pll0|pll_afi_half_clk'
Slack : 5.366
TNS   : 0.000

Type  : Slow 900mV 85C Model Recovery 'SOPC_INST|m2_ddr2_memory|pll0|pll_avl_clk'
Slack : 6.244
TNS   : 0.000

Type  : Slow 900mV 85C Model Recovery 'SOPC_INST|m1_ddr2_memory|pll0|pll_avl_clk'
Slack : 6.578
TNS   : 0.000

Type  : Slow 900mV 85C Model Recovery 'OSC_50_BANK4'
Slack : 14.535
TNS   : 0.000

Type  : Slow 900mV 85C Model Recovery 'SOPC_INST|m2_ddr2_memory|pll0|pll_config_clk'
Slack : 17.486
TNS   : 0.000

Type  : Slow 900mV 85C Model Recovery 'SOPC_INST|m1_ddr2_memory|pll0|pll_config_clk'
Slack : 17.636
TNS   : 0.000

Type  : Slow 900mV 85C Model Recovery 'altera_reserved_tck'
Slack : 47.338
TNS   : 0.000

Type  : Slow 900mV 85C Model Removal 'SOPC_INST|m2_ddr2_memory|pll0|pll_afi_half_clk'
Slack : 0.431
TNS   : 0.000

Type  : Slow 900mV 85C Model Removal 'SOPC_INST|m2_ddr2_memory|pll0|pll_afi_clk'
Slack : 0.461
TNS   : 0.000

Type  : Slow 900mV 85C Model Removal 'OSC_50_BANK4'
Slack : 0.525
TNS   : 0.000

Type  : Slow 900mV 85C Model Removal 'SOPC_INST|m1_ddr2_memory|pll0|pll_afi_clk'
Slack : 0.552
TNS   : 0.000

Type  : Slow 900mV 85C Model Removal 'SOPC_INST|m1_ddr2_memory|pll0|pll_config_clk'
Slack : 0.584
TNS   : 0.000

Type  : Slow 900mV 85C Model Removal 'SOPC_INST|m1_ddr2_memory|pll0|pll_avl_clk'
Slack : 0.591
TNS   : 0.000

Type  : Slow 900mV 85C Model Removal 'SOPC_INST|m2_ddr2_memory|pll0|pll_config_clk'
Slack : 0.591
TNS   : 0.000

Type  : Slow 900mV 85C Model Removal 'SOPC_INST|m2_ddr2_memory|pll0|pll_avl_clk'
Slack : 0.593
TNS   : 0.000

Type  : Slow 900mV 85C Model Removal 'FTDImoduleClk'
Slack : 0.692
TNS   : 0.000

Type  : Slow 900mV 85C Model Removal 'SOPC_INST|m1_ddr2_memory|pll0|pll_addr_cmd_clk'
Slack : 0.861
TNS   : 0.000

Type  : Slow 900mV 85C Model Removal 'altera_reserved_tck'
Slack : 0.956
TNS   : 0.000

Type  : Slow 900mV 85C Model Removal 'SOPC_INST|m1_ddr2_memory|pll0|pll_afi_half_clk'
Slack : 1.041
TNS   : 0.000

Type  : Slow 900mV 85C Model Removal 'SOPC_INST|m2_ddr2_memory|pll0|pll_addr_cmd_clk'
Slack : 1.873
TNS   : 0.000

Type  : Slow 900mV 85C Model Minimum Pulse Width 'SOPC_INST|m1_ddr2_memory|pll0|pll_write_clk'
Slack : 0.466
TNS   : 0.000

Type  : Slow 900mV 85C Model Minimum Pulse Width 'SOPC_INST|m2_ddr2_memory|pll0|pll_write_clk'
Slack : 0.466
TNS   : 0.000

Type  : Slow 900mV 85C Model Minimum Pulse Width 'SOPC_INST|m2_ddr2_memory|MebX_Qsys_Project_m2_ddr2_memory_p0_leveling_clk'
Slack : 0.612
TNS   : 0.000

Type  : Slow 900mV 85C Model Minimum Pulse Width 'SOPC_INST|m1_ddr2_memory|MebX_Qsys_Project_m1_ddr2_memory_p0_leveling_clk'
Slack : 0.614
TNS   : 0.000

Type  : Slow 900mV 85C Model Minimum Pulse Width 'SOPC_INST|m2_ddr2_memory|pll0|pll_mem_clk'
Slack : 0.633
TNS   : 0.000

Type  : Slow 900mV 85C Model Minimum Pulse Width 'SOPC_INST|m1_ddr2_memory|pll0|pll_mem_clk'
Slack : 0.636
TNS   : 0.000

Type  : Slow 900mV 85C Model Minimum Pulse Width 'SOPC_INST|m1_ddr2_memory|pll0|pll_afi_clk'
Slack : 0.820
TNS   : 0.000

Type  : Slow 900mV 85C Model Minimum Pulse Width 'SOPC_INST|m2_ddr2_memory|pll0|pll_afi_clk'
Slack : 1.713
TNS   : 0.000

Type  : Slow 900mV 85C Model Minimum Pulse Width 'SOPC_INST|m2_ddr2_memory|pll0|pll_addr_cmd_clk'
Slack : 1.881
TNS   : 0.000

Type  : Slow 900mV 85C Model Minimum Pulse Width 'SOPC_INST|m1_ddr2_memory|pll0|pll_addr_cmd_clk'
Slack : 1.883
TNS   : 0.000

Type  : Slow 900mV 85C Model Minimum Pulse Width 'SOPC_INST|m2_ddr2_memory|pll0|pll_afi_half_clk'
Slack : 4.202
TNS   : 0.000

Type  : Slow 900mV 85C Model Minimum Pulse Width 'SOPC_INST|m1_ddr2_memory|pll0|pll_afi_half_clk'
Slack : 4.214
TNS   : 0.000

Type  : Slow 900mV 85C Model Minimum Pulse Width 'SOPC_INST|m2_ddr2_memory|pll0|pll_avl_clk'
Slack : 4.235
TNS   : 0.000

Type  : Slow 900mV 85C Model Minimum Pulse Width 'SOPC_INST|m1_ddr2_memory|pll0|pll_avl_clk'
Slack : 4.237
TNS   : 0.000

Type  : Slow 900mV 85C Model Minimum Pulse Width 'FTDImoduleClk'
Slack : 4.312
TNS   : 0.000

Type  : Slow 900mV 85C Model Minimum Pulse Width 'SOPC_INST|m1_ddr2_memory|pll0|pll_config_clk'
Slack : 6.667
TNS   : 0.000

Type  : Slow 900mV 85C Model Minimum Pulse Width 'SOPC_INST|m2_ddr2_memory|pll0|pll_config_clk'
Slack : 6.667
TNS   : 0.000

Type  : Slow 900mV 85C Model Minimum Pulse Width 'OSC_50_BANK4'
Slack : 8.962
TNS   : 0.000

Type  : Slow 900mV 85C Model Minimum Pulse Width 'OSC_50_BANK3'
Slack : 9.742
TNS   : 0.000

Type  : Slow 900mV 85C Model Minimum Pulse Width 'altera_reserved_tck'
Slack : 49.331
TNS   : 0.000

Type  : Slow 900mV 0C Model Setup 'M2_DDR2_clk[1]'
Slack : 0.160
TNS   : 0.000

Type  : Slow 900mV 0C Model Setup 'M2_DDR2_clk[0]'
Slack : 0.171
TNS   : 0.000

Type  : Slow 900mV 0C Model Setup 'M1_DDR2_clk[1]'
Slack : 0.178
TNS   : 0.000

Type  : Slow 900mV 0C Model Setup 'SOPC_INST|m2_ddr2_memory|pll0|pll_afi_clk'
Slack : 0.179
TNS   : 0.000

Type  : Slow 900mV 0C Model Setup 'M1_DDR2_clk[0]'
Slack : 0.181
TNS   : 0.000

Type  : Slow 900mV 0C Model Setup 'SOPC_INST|m1_ddr2_memory|pll0|pll_afi_clk'
Slack : 0.470
TNS   : 0.000

Type  : Slow 900mV 0C Model Setup 'SOPC_INST|m2_ddr2_memory|pll0|pll_afi_half_clk'
Slack : 0.663
TNS   : 0.000

Type  : Slow 900mV 0C Model Setup 'SOPC_INST|m2_ddr2_memory|pll0|pll_write_clk'
Slack : 0.713
TNS   : 0.000

Type  : Slow 900mV 0C Model Setup 'SOPC_INST|m2_ddr2_memory|pll0|pll_addr_cmd_clk'
Slack : 0.867
TNS   : 0.000

Type  : Slow 900mV 0C Model Setup 'SOPC_INST|m1_ddr2_memory|pll0|pll_addr_cmd_clk'
Slack : 0.941
TNS   : 0.000

Type  : Slow 900mV 0C Model Setup 'SOPC_INST|m1_ddr2_memory|pll0|pll_write_clk'
Slack : 1.050
TNS   : 0.000

Type  : Slow 900mV 0C Model Setup 'SOPC_INST|m2_ddr2_memory|MebX_Qsys_Project_m2_ddr2_memory_p0_leveling_clk'
Slack : 1.375
TNS   : 0.000

Type  : Slow 900mV 0C Model Setup 'SOPC_INST|m2_ddr2_memory|pll0|pll_avl_clk'
Slack : 1.426
TNS   : 0.000

Type  : Slow 900mV 0C Model Setup 'FTDImoduleClk'
Slack : 1.446
TNS   : 0.000

Type  : Slow 900mV 0C Model Setup 'SOPC_INST|m1_ddr2_memory|MebX_Qsys_Project_m1_ddr2_memory_p0_leveling_clk'
Slack : 1.712
TNS   : 0.000

Type  : Slow 900mV 0C Model Setup 'SOPC_INST|m1_ddr2_memory|pll0|pll_avl_clk'
Slack : 1.951
TNS   : 0.000

Type  : Slow 900mV 0C Model Setup 'SOPC_INST|m1_ddr2_memory|pll0|pll_afi_half_clk'
Slack : 2.874
TNS   : 0.000

Type  : Slow 900mV 0C Model Setup 'SOPC_INST|m2_ddr2_memory|pll0|pll_config_clk'
Slack : 4.753
TNS   : 0.000

Type  : Slow 900mV 0C Model Setup 'SOPC_INST|m1_ddr2_memory|pll0|pll_config_clk'
Slack : 5.274
TNS   : 0.000

Type  : Slow 900mV 0C Model Setup 'OSC_50_BANK4'
Slack : 9.185
TNS   : 0.000

Type  : Slow 900mV 0C Model Setup 'altera_reserved_tck'
Slack : 44.043
TNS   : 0.000

Type  : Slow 900mV 0C Model Hold 'SOPC_INST|m1_ddr2_memory|MebX_Qsys_Project_m1_ddr2_memory_p0_leveling_clk'
Slack : 0.033
TNS   : 0.000

Type  : Slow 900mV 0C Model Hold 'SOPC_INST|m2_ddr2_memory|pll0|pll_afi_half_clk'
Slack : 0.177
TNS   : 0.000

Type  : Slow 900mV 0C Model Hold 'OSC_50_BANK4'
Slack : 0.218
TNS   : 0.000

Type  : Slow 900mV 0C Model Hold 'SOPC_INST|m1_ddr2_memory|pll0|pll_afi_clk'
Slack : 0.218
TNS   : 0.000

Type  : Slow 900mV 0C Model Hold 'SOPC_INST|m2_ddr2_memory|pll0|pll_afi_clk'
Slack : 0.222
TNS   : 0.000

Type  : Slow 900mV 0C Model Hold 'SOPC_INST|m1_ddr2_memory|pll0|pll_addr_cmd_clk'
Slack : 0.272
TNS   : 0.000

Type  : Slow 900mV 0C Model Hold 'SOPC_INST|m2_ddr2_memory|pll0|pll_avl_clk'
Slack : 0.272
TNS   : 0.000

Type  : Slow 900mV 0C Model Hold 'SOPC_INST|m1_ddr2_memory|pll0|pll_config_clk'
Slack : 0.273
TNS   : 0.000

Type  : Slow 900mV 0C Model Hold 'SOPC_INST|m2_ddr2_memory|pll0|pll_addr_cmd_clk'
Slack : 0.273
TNS   : 0.000

Type  : Slow 900mV 0C Model Hold 'SOPC_INST|m2_ddr2_memory|pll0|pll_config_clk'
Slack : 0.273
TNS   : 0.000

Type  : Slow 900mV 0C Model Hold 'FTDImoduleClk'
Slack : 0.275
TNS   : 0.000

Type  : Slow 900mV 0C Model Hold 'SOPC_INST|m1_ddr2_memory|pll0|pll_afi_half_clk'
Slack : 0.277
TNS   : 0.000

Type  : Slow 900mV 0C Model Hold 'SOPC_INST|m1_ddr2_memory|pll0|pll_avl_clk'
Slack : 0.283
TNS   : 0.000

Type  : Slow 900mV 0C Model Hold 'altera_reserved_tck'
Slack : 0.319
TNS   : 0.000

Type  : Slow 900mV 0C Model Hold 'SOPC_INST|m2_ddr2_memory|MebX_Qsys_Project_m2_ddr2_memory_p0_leveling_clk'
Slack : 0.377
TNS   : 0.000

Type  : Slow 900mV 0C Model Hold 'M1_DDR2_clk[0]'
Slack : 0.646
TNS   : 0.000

Type  : Slow 900mV 0C Model Hold 'M2_DDR2_clk[0]'
Slack : 0.647
TNS   : 0.000

Type  : Slow 900mV 0C Model Hold 'M1_DDR2_clk[1]'
Slack : 0.650
TNS   : 0.000

Type  : Slow 900mV 0C Model Hold 'M2_DDR2_clk[1]'
Slack : 0.660
TNS   : 0.000

Type  : Slow 900mV 0C Model Hold 'SOPC_INST|m1_ddr2_memory|pll0|pll_write_clk'
Slack : 1.028
TNS   : 0.000

Type  : Slow 900mV 0C Model Hold 'SOPC_INST|m2_ddr2_memory|pll0|pll_write_clk'
Slack : 1.373
TNS   : 0.000

Type  : Slow 900mV 0C Model Recovery 'SOPC_INST|m2_ddr2_memory|pll0|pll_afi_clk'
Slack : 0.045
TNS   : 0.000

Type  : Slow 900mV 0C Model Recovery 'FTDImoduleClk'
Slack : 0.814
TNS   : 0.000

Type  : Slow 900mV 0C Model Recovery 'SOPC_INST|m1_ddr2_memory|pll0|pll_afi_clk'
Slack : 0.842
TNS   : 0.000

Type  : Slow 900mV 0C Model Recovery 'SOPC_INST|m2_ddr2_memory|pll0|pll_addr_cmd_clk'
Slack : 1.285
TNS   : 0.000

Type  : Slow 900mV 0C Model Recovery 'SOPC_INST|m1_ddr2_memory|pll0|pll_addr_cmd_clk'
Slack : 1.722
TNS   : 0.000

Type  : Slow 900mV 0C Model Recovery 'SOPC_INST|m2_ddr2_memory|pll0|pll_afi_half_clk'
Slack : 2.015
TNS   : 0.000

Type  : Slow 900mV 0C Model Recovery 'SOPC_INST|m1_ddr2_memory|pll0|pll_afi_half_clk'
Slack : 5.620
TNS   : 0.000

Type  : Slow 900mV 0C Model Recovery 'SOPC_INST|m2_ddr2_memory|pll0|pll_avl_clk'
Slack : 6.480
TNS   : 0.000

Type  : Slow 900mV 0C Model Recovery 'SOPC_INST|m1_ddr2_memory|pll0|pll_avl_clk'
Slack : 6.778
TNS   : 0.000

Type  : Slow 900mV 0C Model Recovery 'OSC_50_BANK4'
Slack : 14.879
TNS   : 0.000

Type  : Slow 900mV 0C Model Recovery 'SOPC_INST|m2_ddr2_memory|pll0|pll_config_clk'
Slack : 17.537
TNS   : 0.000

Type  : Slow 900mV 0C Model Recovery 'SOPC_INST|m1_ddr2_memory|pll0|pll_config_clk'
Slack : 17.762
TNS   : 0.000

Type  : Slow 900mV 0C Model Recovery 'altera_reserved_tck'
Slack : 47.436
TNS   : 0.000

Type  : Slow 900mV 0C Model Removal 'SOPC_INST|m2_ddr2_memory|pll0|pll_afi_half_clk'
Slack : 0.408
TNS   : 0.000

Type  : Slow 900mV 0C Model Removal 'SOPC_INST|m2_ddr2_memory|pll0|pll_afi_clk'
Slack : 0.437
TNS   : 0.000

Type  : Slow 900mV 0C Model Removal 'OSC_50_BANK4'
Slack : 0.505
TNS   : 0.000

Type  : Slow 900mV 0C Model Removal 'SOPC_INST|m1_ddr2_memory|pll0|pll_afi_clk'
Slack : 0.531
TNS   : 0.000

Type  : Slow 900mV 0C Model Removal 'SOPC_INST|m1_ddr2_memory|pll0|pll_config_clk'
Slack : 0.557
TNS   : 0.000

Type  : Slow 900mV 0C Model Removal 'SOPC_INST|m1_ddr2_memory|pll0|pll_avl_clk'
Slack : 0.567
TNS   : 0.000

Type  : Slow 900mV 0C Model Removal 'SOPC_INST|m2_ddr2_memory|pll0|pll_avl_clk'
Slack : 0.568
TNS   : 0.000

Type  : Slow 900mV 0C Model Removal 'SOPC_INST|m2_ddr2_memory|pll0|pll_config_clk'
Slack : 0.573
TNS   : 0.000

Type  : Slow 900mV 0C Model Removal 'FTDImoduleClk'
Slack : 0.657
TNS   : 0.000

Type  : Slow 900mV 0C Model Removal 'SOPC_INST|m1_ddr2_memory|pll0|pll_addr_cmd_clk'
Slack : 0.826
TNS   : 0.000

Type  : Slow 900mV 0C Model Removal 'altera_reserved_tck'
Slack : 0.906
TNS   : 0.000

Type  : Slow 900mV 0C Model Removal 'SOPC_INST|m1_ddr2_memory|pll0|pll_afi_half_clk'
Slack : 0.993
TNS   : 0.000

Type  : Slow 900mV 0C Model Removal 'SOPC_INST|m2_ddr2_memory|pll0|pll_addr_cmd_clk'
Slack : 1.788
TNS   : 0.000

Type  : Slow 900mV 0C Model Minimum Pulse Width 'SOPC_INST|m1_ddr2_memory|pll0|pll_write_clk'
Slack : 0.473
TNS   : 0.000

Type  : Slow 900mV 0C Model Minimum Pulse Width 'SOPC_INST|m2_ddr2_memory|pll0|pll_write_clk'
Slack : 0.473
TNS   : 0.000

Type  : Slow 900mV 0C Model Minimum Pulse Width 'SOPC_INST|m2_ddr2_memory|MebX_Qsys_Project_m2_ddr2_memory_p0_leveling_clk'
Slack : 0.637
TNS   : 0.000

Type  : Slow 900mV 0C Model Minimum Pulse Width 'SOPC_INST|m1_ddr2_memory|MebX_Qsys_Project_m1_ddr2_memory_p0_leveling_clk'
Slack : 0.638
TNS   : 0.000

Type  : Slow 900mV 0C Model Minimum Pulse Width 'SOPC_INST|m1_ddr2_memory|pll0|pll_mem_clk'
Slack : 0.648
TNS   : 0.000

Type  : Slow 900mV 0C Model Minimum Pulse Width 'SOPC_INST|m2_ddr2_memory|pll0|pll_mem_clk'
Slack : 0.650
TNS   : 0.000

Type  : Slow 900mV 0C Model Minimum Pulse Width 'SOPC_INST|m1_ddr2_memory|pll0|pll_afi_clk'
Slack : 0.820
TNS   : 0.000

Type  : Slow 900mV 0C Model Minimum Pulse Width 'SOPC_INST|m2_ddr2_memory|pll0|pll_afi_clk'
Slack : 1.701
TNS   : 0.000

Type  : Slow 900mV 0C Model Minimum Pulse Width 'SOPC_INST|m2_ddr2_memory|pll0|pll_addr_cmd_clk'
Slack : 1.897
TNS   : 0.000

Type  : Slow 900mV 0C Model Minimum Pulse Width 'SOPC_INST|m1_ddr2_memory|pll0|pll_addr_cmd_clk'
Slack : 1.899
TNS   : 0.000

Type  : Slow 900mV 0C Model Minimum Pulse Width 'SOPC_INST|m2_ddr2_memory|pll0|pll_afi_half_clk'
Slack : 4.209
TNS   : 0.000

Type  : Slow 900mV 0C Model Minimum Pulse Width 'SOPC_INST|m2_ddr2_memory|pll0|pll_avl_clk'
Slack : 4.219
TNS   : 0.000

Type  : Slow 900mV 0C Model Minimum Pulse Width 'SOPC_INST|m1_ddr2_memory|pll0|pll_avl_clk'
Slack : 4.220
TNS   : 0.000

Type  : Slow 900mV 0C Model Minimum Pulse Width 'SOPC_INST|m1_ddr2_memory|pll0|pll_afi_half_clk'
Slack : 4.227
TNS   : 0.000

Type  : Slow 900mV 0C Model Minimum Pulse Width 'FTDImoduleClk'
Slack : 4.310
TNS   : 0.000

Type  : Slow 900mV 0C Model Minimum Pulse Width 'SOPC_INST|m1_ddr2_memory|pll0|pll_config_clk'
Slack : 6.667
TNS   : 0.000

Type  : Slow 900mV 0C Model Minimum Pulse Width 'SOPC_INST|m2_ddr2_memory|pll0|pll_config_clk'
Slack : 6.667
TNS   : 0.000

Type  : Slow 900mV 0C Model Minimum Pulse Width 'OSC_50_BANK4'
Slack : 8.970
TNS   : 0.000

Type  : Slow 900mV 0C Model Minimum Pulse Width 'OSC_50_BANK3'
Slack : 9.746
TNS   : 0.000

Type  : Slow 900mV 0C Model Minimum Pulse Width 'altera_reserved_tck'
Slack : 49.382
TNS   : 0.000

Type  : Fast 900mV 0C Model Setup 'M2_DDR2_clk[0]'
Slack : 0.128
TNS   : 0.000

Type  : Fast 900mV 0C Model Setup 'M2_DDR2_clk[1]'
Slack : 0.130
TNS   : 0.000

Type  : Fast 900mV 0C Model Setup 'M1_DDR2_clk[0]'
Slack : 0.135
TNS   : 0.000

Type  : Fast 900mV 0C Model Setup 'M1_DDR2_clk[1]'
Slack : 0.135
TNS   : 0.000

Type  : Fast 900mV 0C Model Setup 'SOPC_INST|m2_ddr2_memory|pll0|pll_write_clk'
Slack : 0.687
TNS   : 0.000

Type  : Fast 900mV 0C Model Setup 'SOPC_INST|m1_ddr2_memory|pll0|pll_write_clk'
Slack : 0.912
TNS   : 0.000

Type  : Fast 900mV 0C Model Setup 'SOPC_INST|m2_ddr2_memory|pll0|pll_afi_clk'
Slack : 0.979
TNS   : 0.000

Type  : Fast 900mV 0C Model Setup 'SOPC_INST|m2_ddr2_memory|MebX_Qsys_Project_m2_ddr2_memory_p0_leveling_clk'
Slack : 1.334
TNS   : 0.000

Type  : Fast 900mV 0C Model Setup 'SOPC_INST|m1_ddr2_memory|MebX_Qsys_Project_m1_ddr2_memory_p0_leveling_clk'
Slack : 1.559
TNS   : 0.000

Type  : Fast 900mV 0C Model Setup 'SOPC_INST|m1_ddr2_memory|pll0|pll_afi_clk'
Slack : 1.596
TNS   : 0.000

Type  : Fast 900mV 0C Model Setup 'SOPC_INST|m2_ddr2_memory|pll0|pll_addr_cmd_clk'
Slack : 1.948
TNS   : 0.000

Type  : Fast 900mV 0C Model Setup 'SOPC_INST|m1_ddr2_memory|pll0|pll_addr_cmd_clk'
Slack : 2.071
TNS   : 0.000

Type  : Fast 900mV 0C Model Setup 'SOPC_INST|m2_ddr2_memory|pll0|pll_afi_half_clk'
Slack : 2.468
TNS   : 0.000

Type  : Fast 900mV 0C Model Setup 'FTDImoduleClk'
Slack : 2.608
TNS   : 0.000

Type  : Fast 900mV 0C Model Setup 'SOPC_INST|m2_ddr2_memory|pll0|pll_avl_clk'
Slack : 2.875
TNS   : 0.000

Type  : Fast 900mV 0C Model Setup 'SOPC_INST|m1_ddr2_memory|pll0|pll_avl_clk'
Slack : 3.174
TNS   : 0.000

Type  : Fast 900mV 0C Model Setup 'SOPC_INST|m1_ddr2_memory|pll0|pll_afi_half_clk'
Slack : 5.401
TNS   : 0.000

Type  : Fast 900mV 0C Model Setup 'SOPC_INST|m2_ddr2_memory|pll0|pll_config_clk'
Slack : 7.035
TNS   : 0.000

Type  : Fast 900mV 0C Model Setup 'SOPC_INST|m1_ddr2_memory|pll0|pll_config_clk'
Slack : 7.263
TNS   : 0.000

Type  : Fast 900mV 0C Model Setup 'OSC_50_BANK4'
Slack : 13.476
TNS   : 0.000

Type  : Fast 900mV 0C Model Setup 'altera_reserved_tck'
Slack : 46.556
TNS   : 0.000

Type  : Fast 900mV 0C Model Hold 'OSC_50_BANK4'
Slack : 0.107
TNS   : 0.000

Type  : Fast 900mV 0C Model Hold 'SOPC_INST|m1_ddr2_memory|pll0|pll_afi_clk'
Slack : 0.107
TNS   : 0.000

Type  : Fast 900mV 0C Model Hold 'SOPC_INST|m2_ddr2_memory|pll0|pll_afi_half_clk'
Slack : 0.116
TNS   : 0.000

Type  : Fast 900mV 0C Model Hold 'SOPC_INST|m2_ddr2_memory|pll0|pll_afi_clk'
Slack : 0.136
TNS   : 0.000

Type  : Fast 900mV 0C Model Hold 'SOPC_INST|m1_ddr2_memory|pll0|pll_config_clk'
Slack : 0.137
TNS   : 0.000

Type  : Fast 900mV 0C Model Hold 'SOPC_INST|m1_ddr2_memory|pll0|pll_addr_cmd_clk'
Slack : 0.143
TNS   : 0.000

Type  : Fast 900mV 0C Model Hold 'SOPC_INST|m2_ddr2_memory|pll0|pll_avl_clk'
Slack : 0.145
TNS   : 0.000

Type  : Fast 900mV 0C Model Hold 'SOPC_INST|m2_ddr2_memory|pll0|pll_config_clk'
Slack : 0.145
TNS   : 0.000

Type  : Fast 900mV 0C Model Hold 'SOPC_INST|m2_ddr2_memory|pll0|pll_addr_cmd_clk'
Slack : 0.146
TNS   : 0.000

Type  : Fast 900mV 0C Model Hold 'SOPC_INST|m1_ddr2_memory|pll0|pll_avl_clk'
Slack : 0.148
TNS   : 0.000

Type  : Fast 900mV 0C Model Hold 'SOPC_INST|m1_ddr2_memory|pll0|pll_afi_half_clk'
Slack : 0.149
TNS   : 0.000

Type  : Fast 900mV 0C Model Hold 'FTDImoduleClk'
Slack : 0.152
TNS   : 0.000

Type  : Fast 900mV 0C Model Hold 'altera_reserved_tck'
Slack : 0.165
TNS   : 0.000

Type  : Fast 900mV 0C Model Hold 'SOPC_INST|m1_ddr2_memory|MebX_Qsys_Project_m1_ddr2_memory_p0_leveling_clk'
Slack : 0.441
TNS   : 0.000

Type  : Fast 900mV 0C Model Hold 'SOPC_INST|m2_ddr2_memory|MebX_Qsys_Project_m2_ddr2_memory_p0_leveling_clk'
Slack : 0.676
TNS   : 0.000

Type  : Fast 900mV 0C Model Hold 'M1_DDR2_clk[0]'
Slack : 0.830
TNS   : 0.000

Type  : Fast 900mV 0C Model Hold 'M1_DDR2_clk[1]'
Slack : 0.831
TNS   : 0.000

Type  : Fast 900mV 0C Model Hold 'M2_DDR2_clk[0]'
Slack : 0.831
TNS   : 0.000

Type  : Fast 900mV 0C Model Hold 'M2_DDR2_clk[1]'
Slack : 0.832
TNS   : 0.000

Type  : Fast 900mV 0C Model Hold 'SOPC_INST|m1_ddr2_memory|pll0|pll_write_clk'
Slack : 1.289
TNS   : 0.000

Type  : Fast 900mV 0C Model Hold 'SOPC_INST|m2_ddr2_memory|pll0|pll_write_clk'
Slack : 1.524
TNS   : 0.000

Type  : Fast 900mV 0C Model Recovery 'SOPC_INST|m2_ddr2_memory|pll0|pll_afi_clk'
Slack : 1.796
TNS   : 0.000

Type  : Fast 900mV 0C Model Recovery 'SOPC_INST|m2_ddr2_memory|pll0|pll_addr_cmd_clk'
Slack : 2.268
TNS   : 0.000

Type  : Fast 900mV 0C Model Recovery 'SOPC_INST|m1_ddr2_memory|pll0|pll_afi_clk'
Slack : 2.480
TNS   : 0.000

Type  : Fast 900mV 0C Model Recovery 'SOPC_INST|m1_ddr2_memory|pll0|pll_addr_cmd_clk'
Slack : 2.630
TNS   : 0.000

Type  : Fast 900mV 0C Model Recovery 'FTDImoduleClk'
Slack : 4.032
TNS   : 0.000

Type  : Fast 900mV 0C Model Recovery 'SOPC_INST|m2_ddr2_memory|pll0|pll_afi_half_clk'
Slack : 4.808
TNS   : 0.000

Type  : Fast 900mV 0C Model Recovery 'SOPC_INST|m1_ddr2_memory|pll0|pll_afi_half_clk'
Slack : 7.306
TNS   : 0.000

Type  : Fast 900mV 0C Model Recovery 'SOPC_INST|m2_ddr2_memory|pll0|pll_avl_clk'
Slack : 7.826
TNS   : 0.000

Type  : Fast 900mV 0C Model Recovery 'SOPC_INST|m1_ddr2_memory|pll0|pll_avl_clk'
Slack : 8.002
TNS   : 0.000

Type  : Fast 900mV 0C Model Recovery 'OSC_50_BANK4'
Slack : 16.749
TNS   : 0.000

Type  : Fast 900mV 0C Model Recovery 'SOPC_INST|m2_ddr2_memory|pll0|pll_config_clk'
Slack : 18.726
TNS   : 0.000

Type  : Fast 900mV 0C Model Recovery 'SOPC_INST|m1_ddr2_memory|pll0|pll_config_clk'
Slack : 18.744
TNS   : 0.000

Type  : Fast 900mV 0C Model Recovery 'altera_reserved_tck'
Slack : 48.765
TNS   : 0.000

Type  : Fast 900mV 0C Model Removal 'SOPC_INST|m2_ddr2_memory|pll0|pll_afi_half_clk'
Slack : 0.248
TNS   : 0.000

Type  : Fast 900mV 0C Model Removal 'SOPC_INST|m2_ddr2_memory|pll0|pll_afi_clk'
Slack : 0.258
TNS   : 0.000

Type  : Fast 900mV 0C Model Removal 'OSC_50_BANK4'
Slack : 0.275
TNS   : 0.000

Type  : Fast 900mV 0C Model Removal 'SOPC_INST|m1_ddr2_memory|pll0|pll_afi_clk'
Slack : 0.305
TNS   : 0.000

Type  : Fast 900mV 0C Model Removal 'SOPC_INST|m2_ddr2_memory|pll0|pll_avl_clk'
Slack : 0.312
TNS   : 0.000

Type  : Fast 900mV 0C Model Removal 'SOPC_INST|m1_ddr2_memory|pll0|pll_config_clk'
Slack : 0.330
TNS   : 0.000

Type  : Fast 900mV 0C Model Removal 'SOPC_INST|m1_ddr2_memory|pll0|pll_avl_clk'
Slack : 0.337
TNS   : 0.000

Type  : Fast 900mV 0C Model Removal 'SOPC_INST|m2_ddr2_memory|pll0|pll_config_clk'
Slack : 0.339
TNS   : 0.000

Type  : Fast 900mV 0C Model Removal 'FTDImoduleClk'
Slack : 0.369
TNS   : 0.000

Type  : Fast 900mV 0C Model Removal 'SOPC_INST|m1_ddr2_memory|pll0|pll_addr_cmd_clk'
Slack : 0.467
TNS   : 0.000

Type  : Fast 900mV 0C Model Removal 'altera_reserved_tck'
Slack : 0.522
TNS   : 0.000

Type  : Fast 900mV 0C Model Removal 'SOPC_INST|m1_ddr2_memory|pll0|pll_afi_half_clk'
Slack : 0.565
TNS   : 0.000

Type  : Fast 900mV 0C Model Removal 'SOPC_INST|m2_ddr2_memory|pll0|pll_addr_cmd_clk'
Slack : 1.110
TNS   : 0.000

Type  : Fast 900mV 0C Model Minimum Pulse Width 'SOPC_INST|m1_ddr2_memory|pll0|pll_write_clk'
Slack : 0.505
TNS   : 0.000

Type  : Fast 900mV 0C Model Minimum Pulse Width 'SOPC_INST|m2_ddr2_memory|pll0|pll_write_clk'
Slack : 0.505
TNS   : 0.000

Type  : Fast 900mV 0C Model Minimum Pulse Width 'SOPC_INST|m2_ddr2_memory|MebX_Qsys_Project_m2_ddr2_memory_p0_leveling_clk'
Slack : 0.709
TNS   : 0.000

Type  : Fast 900mV 0C Model Minimum Pulse Width 'SOPC_INST|m1_ddr2_memory|MebX_Qsys_Project_m1_ddr2_memory_p0_leveling_clk'
Slack : 0.711
TNS   : 0.000

Type  : Fast 900mV 0C Model Minimum Pulse Width 'SOPC_INST|m1_ddr2_memory|pll0|pll_mem_clk'
Slack : 0.842
TNS   : 0.000

Type  : Fast 900mV 0C Model Minimum Pulse Width 'SOPC_INST|m2_ddr2_memory|pll0|pll_mem_clk'
Slack : 0.842
TNS   : 0.000

Type  : Fast 900mV 0C Model Minimum Pulse Width 'SOPC_INST|m1_ddr2_memory|pll0|pll_afi_clk'
Slack : 1.154
TNS   : 0.000

Type  : Fast 900mV 0C Model Minimum Pulse Width 'SOPC_INST|m2_ddr2_memory|pll0|pll_afi_clk'
Slack : 1.718
TNS   : 0.000

Type  : Fast 900mV 0C Model Minimum Pulse Width 'SOPC_INST|m2_ddr2_memory|pll0|pll_addr_cmd_clk'
Slack : 2.085
TNS   : 0.000

Type  : Fast 900mV 0C Model Minimum Pulse Width 'SOPC_INST|m1_ddr2_memory|pll0|pll_addr_cmd_clk'
Slack : 2.086
TNS   : 0.000

Type  : Fast 900mV 0C Model Minimum Pulse Width 'FTDImoduleClk'
Slack : 4.144
TNS   : 0.000

Type  : Fast 900mV 0C Model Minimum Pulse Width 'SOPC_INST|m2_ddr2_memory|pll0|pll_afi_half_clk'
Slack : 4.209
TNS   : 0.000

Type  : Fast 900mV 0C Model Minimum Pulse Width 'SOPC_INST|m1_ddr2_memory|pll0|pll_afi_half_clk'
Slack : 4.211
TNS   : 0.000

Type  : Fast 900mV 0C Model Minimum Pulse Width 'SOPC_INST|m1_ddr2_memory|pll0|pll_avl_clk'
Slack : 4.256
TNS   : 0.000

Type  : Fast 900mV 0C Model Minimum Pulse Width 'SOPC_INST|m2_ddr2_memory|pll0|pll_avl_clk'
Slack : 4.257
TNS   : 0.000

Type  : Fast 900mV 0C Model Minimum Pulse Width 'SOPC_INST|m1_ddr2_memory|pll0|pll_config_clk'
Slack : 6.667
TNS   : 0.000

Type  : Fast 900mV 0C Model Minimum Pulse Width 'SOPC_INST|m2_ddr2_memory|pll0|pll_config_clk'
Slack : 6.667
TNS   : 0.000

Type  : Fast 900mV 0C Model Minimum Pulse Width 'OSC_50_BANK4'
Slack : 9.109
TNS   : 0.000

Type  : Fast 900mV 0C Model Minimum Pulse Width 'OSC_50_BANK3'
Slack : 9.880
TNS   : 0.000

Type  : Fast 900mV 0C Model Minimum Pulse Width 'altera_reserved_tck'
Slack : 49.248
TNS   : 0.000

------------------------------------------------------------
Info: see the "DDR report" for DDR timing results
------------------------------------------------------------
------------------------------------------------------------
