------------------------------------------------------------
Timing Analyzer Summary
------------------------------------------------------------

Type  : Slow 900mV 85C Model Setup 'SOPC_INST|m2_ddr2_memory|pll0|pll_afi_clk'
Slack : -0.068
TNS   : -0.194

Type  : Slow 900mV 85C Model Setup 'SOPC_INST|m1_ddr2_memory|pll0|pll_afi_clk'
Slack : 0.159
TNS   : 0.000

Type  : Slow 900mV 85C Model Setup 'M2_DDR2_clk[1]'
Slack : 0.176
TNS   : 0.000

Type  : Slow 900mV 85C Model Setup 'SOPC_INST|m2_ddr2_memory|pll0|pll_afi_half_clk'
Slack : 0.179
TNS   : 0.000

Type  : Slow 900mV 85C Model Setup 'M1_DDR2_clk[0]'
Slack : 0.191
TNS   : 0.000

Type  : Slow 900mV 85C Model Setup 'M1_DDR2_clk[1]'
Slack : 0.194
TNS   : 0.000

Type  : Slow 900mV 85C Model Setup 'M2_DDR2_clk[0]'
Slack : 0.199
TNS   : 0.000

Type  : Slow 900mV 85C Model Setup 'SOPC_INST|m2_ddr2_memory|pll0|pll_addr_cmd_clk'
Slack : 0.328
TNS   : 0.000

Type  : Slow 900mV 85C Model Setup 'FTDImoduleClk'
Slack : 0.581
TNS   : 0.000

Type  : Slow 900mV 85C Model Setup 'SOPC_INST|m1_ddr2_memory|pll0|pll_addr_cmd_clk'
Slack : 0.592
TNS   : 0.000

Type  : Slow 900mV 85C Model Setup 'SOPC_INST|m2_ddr2_memory|pll0|pll_write_clk'
Slack : 0.697
TNS   : 0.000

Type  : Slow 900mV 85C Model Setup 'SOPC_INST|m1_ddr2_memory|pll0|pll_write_clk'
Slack : 1.100
TNS   : 0.000

Type  : Slow 900mV 85C Model Setup 'SOPC_INST|m2_ddr2_memory|MebX_Qsys_Project_m2_ddr2_memory_p0_leveling_clk'
Slack : 1.360
TNS   : 0.000

Type  : Slow 900mV 85C Model Setup 'SOPC_INST|m2_ddr2_memory|pll0|pll_avl_clk'
Slack : 1.485
TNS   : 0.000

Type  : Slow 900mV 85C Model Setup 'SOPC_INST|m1_ddr2_memory|MebX_Qsys_Project_m1_ddr2_memory_p0_leveling_clk'
Slack : 1.763
TNS   : 0.000

Type  : Slow 900mV 85C Model Setup 'SOPC_INST|m1_ddr2_memory|pll0|pll_avl_clk'
Slack : 1.880
TNS   : 0.000

Type  : Slow 900mV 85C Model Setup 'SOPC_INST|m1_ddr2_memory|pll0|pll_afi_half_clk'
Slack : 2.552
TNS   : 0.000

Type  : Slow 900mV 85C Model Setup 'SOPC_INST|m2_ddr2_memory|pll0|pll_config_clk'
Slack : 4.222
TNS   : 0.000

Type  : Slow 900mV 85C Model Setup 'SOPC_INST|m1_ddr2_memory|pll0|pll_config_clk'
Slack : 4.543
TNS   : 0.000

Type  : Slow 900mV 85C Model Setup 'OSC_50_BANK4'
Slack : 6.565
TNS   : 0.000

Type  : Slow 900mV 85C Model Setup 'altera_reserved_tck'
Slack : 46.941
TNS   : 0.000

Type  : Slow 900mV 85C Model Hold 'SOPC_INST|m1_ddr2_memory|MebX_Qsys_Project_m1_ddr2_memory_p0_leveling_clk'
Slack : -0.029
TNS   : -0.960

Type  : Slow 900mV 85C Model Hold 'SOPC_INST|m2_ddr2_memory|pll0|pll_afi_clk'
Slack : 0.196
TNS   : 0.000

Type  : Slow 900mV 85C Model Hold 'OSC_50_BANK4'
Slack : 0.222
TNS   : 0.000

Type  : Slow 900mV 85C Model Hold 'SOPC_INST|m2_ddr2_memory|pll0|pll_afi_half_clk'
Slack : 0.247
TNS   : 0.000

Type  : Slow 900mV 85C Model Hold 'SOPC_INST|m1_ddr2_memory|pll0|pll_config_clk'
Slack : 0.258
TNS   : 0.000

Type  : Slow 900mV 85C Model Hold 'SOPC_INST|m1_ddr2_memory|pll0|pll_afi_clk'
Slack : 0.261
TNS   : 0.000

Type  : Slow 900mV 85C Model Hold 'FTDImoduleClk'
Slack : 0.275
TNS   : 0.000

Type  : Slow 900mV 85C Model Hold 'altera_reserved_tck'
Slack : 0.276
TNS   : 0.000

Type  : Slow 900mV 85C Model Hold 'SOPC_INST|m1_ddr2_memory|pll0|pll_afi_half_clk'
Slack : 0.277
TNS   : 0.000

Type  : Slow 900mV 85C Model Hold 'SOPC_INST|m2_ddr2_memory|pll0|pll_config_clk'
Slack : 0.278
TNS   : 0.000

Type  : Slow 900mV 85C Model Hold 'SOPC_INST|m1_ddr2_memory|pll0|pll_addr_cmd_clk'
Slack : 0.280
TNS   : 0.000

Type  : Slow 900mV 85C Model Hold 'SOPC_INST|m2_ddr2_memory|pll0|pll_avl_clk'
Slack : 0.285
TNS   : 0.000

Type  : Slow 900mV 85C Model Hold 'SOPC_INST|m1_ddr2_memory|pll0|pll_avl_clk'
Slack : 0.287
TNS   : 0.000

Type  : Slow 900mV 85C Model Hold 'SOPC_INST|m2_ddr2_memory|pll0|pll_addr_cmd_clk'
Slack : 0.295
TNS   : 0.000

Type  : Slow 900mV 85C Model Hold 'SOPC_INST|m2_ddr2_memory|MebX_Qsys_Project_m2_ddr2_memory_p0_leveling_clk'
Slack : 0.365
TNS   : 0.000

Type  : Slow 900mV 85C Model Hold 'M2_DDR2_clk[0]'
Slack : 0.572
TNS   : 0.000

Type  : Slow 900mV 85C Model Hold 'M1_DDR2_clk[1]'
Slack : 0.589
TNS   : 0.000

Type  : Slow 900mV 85C Model Hold 'M1_DDR2_clk[0]'
Slack : 0.593
TNS   : 0.000

Type  : Slow 900mV 85C Model Hold 'M2_DDR2_clk[1]'
Slack : 0.596
TNS   : 0.000

Type  : Slow 900mV 85C Model Hold 'SOPC_INST|m1_ddr2_memory|pll0|pll_write_clk'
Slack : 0.976
TNS   : 0.000

Type  : Slow 900mV 85C Model Hold 'SOPC_INST|m2_ddr2_memory|pll0|pll_write_clk'
Slack : 1.365
TNS   : 0.000

Type  : Slow 900mV 85C Model Recovery 'SOPC_INST|m2_ddr2_memory|pll0|pll_afi_clk'
Slack : -0.041
TNS   : -1.636

Type  : Slow 900mV 85C Model Recovery 'SOPC_INST|m1_ddr2_memory|pll0|pll_afi_clk'
Slack : 0.585
TNS   : 0.000

Type  : Slow 900mV 85C Model Recovery 'SOPC_INST|m2_ddr2_memory|pll0|pll_addr_cmd_clk'
Slack : 0.660
TNS   : 0.000

Type  : Slow 900mV 85C Model Recovery 'FTDImoduleClk'
Slack : 0.835
TNS   : 0.000

Type  : Slow 900mV 85C Model Recovery 'SOPC_INST|m1_ddr2_memory|pll0|pll_addr_cmd_clk'
Slack : 1.092
TNS   : 0.000

Type  : Slow 900mV 85C Model Recovery 'SOPC_INST|m2_ddr2_memory|pll0|pll_afi_half_clk'
Slack : 2.596
TNS   : 0.000

Type  : Slow 900mV 85C Model Recovery 'SOPC_INST|m2_ddr2_memory|pll0|pll_avl_clk'
Slack : 6.531
TNS   : 0.000

Type  : Slow 900mV 85C Model Recovery 'SOPC_INST|m1_ddr2_memory|pll0|pll_afi_half_clk'
Slack : 6.954
TNS   : 0.000

Type  : Slow 900mV 85C Model Recovery 'SOPC_INST|m1_ddr2_memory|pll0|pll_avl_clk'
Slack : 7.448
TNS   : 0.000

Type  : Slow 900mV 85C Model Recovery 'OSC_50_BANK4'
Slack : 13.408
TNS   : 0.000

Type  : Slow 900mV 85C Model Recovery 'SOPC_INST|m1_ddr2_memory|pll0|pll_config_clk'
Slack : 16.599
TNS   : 0.000

Type  : Slow 900mV 85C Model Recovery 'SOPC_INST|m2_ddr2_memory|pll0|pll_config_clk'
Slack : 17.013
TNS   : 0.000

Type  : Slow 900mV 85C Model Recovery 'altera_reserved_tck'
Slack : 47.805
TNS   : 0.000

Type  : Slow 900mV 85C Model Removal 'SOPC_INST|m2_ddr2_memory|pll0|pll_afi_clk'
Slack : 0.463
TNS   : 0.000

Type  : Slow 900mV 85C Model Removal 'SOPC_INST|m2_ddr2_memory|pll0|pll_afi_half_clk'
Slack : 0.465
TNS   : 0.000

Type  : Slow 900mV 85C Model Removal 'SOPC_INST|m1_ddr2_memory|pll0|pll_config_clk'
Slack : 0.523
TNS   : 0.000

Type  : Slow 900mV 85C Model Removal 'OSC_50_BANK4'
Slack : 0.532
TNS   : 0.000

Type  : Slow 900mV 85C Model Removal 'SOPC_INST|m1_ddr2_memory|pll0|pll_afi_clk'
Slack : 0.627
TNS   : 0.000

Type  : Slow 900mV 85C Model Removal 'SOPC_INST|m1_ddr2_memory|pll0|pll_avl_clk'
Slack : 0.638
TNS   : 0.000

Type  : Slow 900mV 85C Model Removal 'altera_reserved_tck'
Slack : 0.685
TNS   : 0.000

Type  : Slow 900mV 85C Model Removal 'SOPC_INST|m2_ddr2_memory|pll0|pll_config_clk'
Slack : 0.710
TNS   : 0.000

Type  : Slow 900mV 85C Model Removal 'SOPC_INST|m2_ddr2_memory|pll0|pll_avl_clk'
Slack : 0.723
TNS   : 0.000

Type  : Slow 900mV 85C Model Removal 'SOPC_INST|m1_ddr2_memory|pll0|pll_afi_half_clk'
Slack : 0.799
TNS   : 0.000

Type  : Slow 900mV 85C Model Removal 'FTDImoduleClk'
Slack : 0.807
TNS   : 0.000

Type  : Slow 900mV 85C Model Removal 'SOPC_INST|m2_ddr2_memory|pll0|pll_addr_cmd_clk'
Slack : 1.101
TNS   : 0.000

Type  : Slow 900mV 85C Model Removal 'SOPC_INST|m1_ddr2_memory|pll0|pll_addr_cmd_clk'
Slack : 1.378
TNS   : 0.000

Type  : Slow 900mV 85C Model Minimum Pulse Width 'SOPC_INST|m1_ddr2_memory|pll0|pll_write_clk'
Slack : 0.466
TNS   : 0.000

Type  : Slow 900mV 85C Model Minimum Pulse Width 'SOPC_INST|m2_ddr2_memory|pll0|pll_write_clk'
Slack : 0.466
TNS   : 0.000

Type  : Slow 900mV 85C Model Minimum Pulse Width 'SOPC_INST|m2_ddr2_memory|MebX_Qsys_Project_m2_ddr2_memory_p0_leveling_clk'
Slack : 0.612
TNS   : 0.000

Type  : Slow 900mV 85C Model Minimum Pulse Width 'SOPC_INST|m1_ddr2_memory|MebX_Qsys_Project_m1_ddr2_memory_p0_leveling_clk'
Slack : 0.613
TNS   : 0.000

Type  : Slow 900mV 85C Model Minimum Pulse Width 'SOPC_INST|m2_ddr2_memory|pll0|pll_mem_clk'
Slack : 0.633
TNS   : 0.000

Type  : Slow 900mV 85C Model Minimum Pulse Width 'SOPC_INST|m1_ddr2_memory|pll0|pll_mem_clk'
Slack : 0.635
TNS   : 0.000

Type  : Slow 900mV 85C Model Minimum Pulse Width 'SOPC_INST|m2_ddr2_memory|pll0|pll_afi_clk'
Slack : 1.712
TNS   : 0.000

Type  : Slow 900mV 85C Model Minimum Pulse Width 'SOPC_INST|m1_ddr2_memory|pll0|pll_afi_clk'
Slack : 1.713
TNS   : 0.000

Type  : Slow 900mV 85C Model Minimum Pulse Width 'SOPC_INST|m1_ddr2_memory|pll0|pll_addr_cmd_clk'
Slack : 1.881
TNS   : 0.000

Type  : Slow 900mV 85C Model Minimum Pulse Width 'SOPC_INST|m2_ddr2_memory|pll0|pll_addr_cmd_clk'
Slack : 1.883
TNS   : 0.000

Type  : Slow 900mV 85C Model Minimum Pulse Width 'SOPC_INST|m2_ddr2_memory|pll0|pll_afi_half_clk'
Slack : 4.202
TNS   : 0.000

Type  : Slow 900mV 85C Model Minimum Pulse Width 'SOPC_INST|m2_ddr2_memory|pll0|pll_avl_clk'
Slack : 4.212
TNS   : 0.000

Type  : Slow 900mV 85C Model Minimum Pulse Width 'SOPC_INST|m1_ddr2_memory|pll0|pll_afi_half_clk'
Slack : 4.221
TNS   : 0.000

Type  : Slow 900mV 85C Model Minimum Pulse Width 'SOPC_INST|m1_ddr2_memory|pll0|pll_avl_clk'
Slack : 4.237
TNS   : 0.000

Type  : Slow 900mV 85C Model Minimum Pulse Width 'FTDImoduleClk'
Slack : 4.310
TNS   : 0.000

Type  : Slow 900mV 85C Model Minimum Pulse Width 'SOPC_INST|m1_ddr2_memory|pll0|pll_config_clk'
Slack : 6.667
TNS   : 0.000

Type  : Slow 900mV 85C Model Minimum Pulse Width 'SOPC_INST|m2_ddr2_memory|pll0|pll_config_clk'
Slack : 6.667
TNS   : 0.000

Type  : Slow 900mV 85C Model Minimum Pulse Width 'OSC_50_BANK4'
Slack : 8.972
TNS   : 0.000

Type  : Slow 900mV 85C Model Minimum Pulse Width 'OSC_50_BANK3'
Slack : 9.742
TNS   : 0.000

Type  : Slow 900mV 85C Model Minimum Pulse Width 'altera_reserved_tck'
Slack : 49.327
TNS   : 0.000

Type  : Slow 900mV 0C Model Setup 'M2_DDR2_clk[1]'
Slack : 0.159
TNS   : 0.000

Type  : Slow 900mV 0C Model Setup 'M2_DDR2_clk[0]'
Slack : 0.170
TNS   : 0.000

Type  : Slow 900mV 0C Model Setup 'SOPC_INST|m2_ddr2_memory|pll0|pll_afi_clk'
Slack : 0.178
TNS   : 0.000

Type  : Slow 900mV 0C Model Setup 'M1_DDR2_clk[0]'
Slack : 0.179
TNS   : 0.000

Type  : Slow 900mV 0C Model Setup 'M1_DDR2_clk[1]'
Slack : 0.181
TNS   : 0.000

Type  : Slow 900mV 0C Model Setup 'SOPC_INST|m1_ddr2_memory|pll0|pll_afi_clk'
Slack : 0.403
TNS   : 0.000

Type  : Slow 900mV 0C Model Setup 'SOPC_INST|m2_ddr2_memory|pll0|pll_afi_half_clk'
Slack : 0.405
TNS   : 0.000

Type  : Slow 900mV 0C Model Setup 'SOPC_INST|m2_ddr2_memory|pll0|pll_addr_cmd_clk'
Slack : 0.518
TNS   : 0.000

Type  : Slow 900mV 0C Model Setup 'SOPC_INST|m2_ddr2_memory|pll0|pll_write_clk'
Slack : 0.713
TNS   : 0.000

Type  : Slow 900mV 0C Model Setup 'SOPC_INST|m1_ddr2_memory|pll0|pll_addr_cmd_clk'
Slack : 0.789
TNS   : 0.000

Type  : Slow 900mV 0C Model Setup 'SOPC_INST|m1_ddr2_memory|pll0|pll_write_clk'
Slack : 1.077
TNS   : 0.000

Type  : Slow 900mV 0C Model Setup 'FTDImoduleClk'
Slack : 1.301
TNS   : 0.000

Type  : Slow 900mV 0C Model Setup 'SOPC_INST|m2_ddr2_memory|MebX_Qsys_Project_m2_ddr2_memory_p0_leveling_clk'
Slack : 1.375
TNS   : 0.000

Type  : Slow 900mV 0C Model Setup 'SOPC_INST|m2_ddr2_memory|pll0|pll_avl_clk'
Slack : 1.679
TNS   : 0.000

Type  : Slow 900mV 0C Model Setup 'SOPC_INST|m1_ddr2_memory|MebX_Qsys_Project_m1_ddr2_memory_p0_leveling_clk'
Slack : 1.739
TNS   : 0.000

Type  : Slow 900mV 0C Model Setup 'SOPC_INST|m1_ddr2_memory|pll0|pll_avl_clk'
Slack : 2.061
TNS   : 0.000

Type  : Slow 900mV 0C Model Setup 'SOPC_INST|m1_ddr2_memory|pll0|pll_afi_half_clk'
Slack : 2.887
TNS   : 0.000

Type  : Slow 900mV 0C Model Setup 'SOPC_INST|m2_ddr2_memory|pll0|pll_config_clk'
Slack : 4.570
TNS   : 0.000

Type  : Slow 900mV 0C Model Setup 'SOPC_INST|m1_ddr2_memory|pll0|pll_config_clk'
Slack : 4.779
TNS   : 0.000

Type  : Slow 900mV 0C Model Setup 'OSC_50_BANK4'
Slack : 7.334
TNS   : 0.000

Type  : Slow 900mV 0C Model Setup 'altera_reserved_tck'
Slack : 47.062
TNS   : 0.000

Type  : Slow 900mV 0C Model Hold 'SOPC_INST|m1_ddr2_memory|MebX_Qsys_Project_m1_ddr2_memory_p0_leveling_clk'
Slack : 0.033
TNS   : 0.000

Type  : Slow 900mV 0C Model Hold 'SOPC_INST|m2_ddr2_memory|pll0|pll_afi_clk'
Slack : 0.197
TNS   : 0.000

Type  : Slow 900mV 0C Model Hold 'OSC_50_BANK4'
Slack : 0.218
TNS   : 0.000

Type  : Slow 900mV 0C Model Hold 'SOPC_INST|m2_ddr2_memory|pll0|pll_afi_half_clk'
Slack : 0.219
TNS   : 0.000

Type  : Slow 900mV 0C Model Hold 'SOPC_INST|m1_ddr2_memory|pll0|pll_afi_clk'
Slack : 0.254
TNS   : 0.000

Type  : Slow 900mV 0C Model Hold 'SOPC_INST|m1_ddr2_memory|pll0|pll_config_clk'
Slack : 0.254
TNS   : 0.000

Type  : Slow 900mV 0C Model Hold 'SOPC_INST|m2_ddr2_memory|pll0|pll_config_clk'
Slack : 0.269
TNS   : 0.000

Type  : Slow 900mV 0C Model Hold 'SOPC_INST|m1_ddr2_memory|pll0|pll_addr_cmd_clk'
Slack : 0.274
TNS   : 0.000

Type  : Slow 900mV 0C Model Hold 'FTDImoduleClk'
Slack : 0.275
TNS   : 0.000

Type  : Slow 900mV 0C Model Hold 'altera_reserved_tck'
Slack : 0.276
TNS   : 0.000

Type  : Slow 900mV 0C Model Hold 'SOPC_INST|m1_ddr2_memory|pll0|pll_afi_half_clk'
Slack : 0.278
TNS   : 0.000

Type  : Slow 900mV 0C Model Hold 'SOPC_INST|m1_ddr2_memory|pll0|pll_avl_clk'
Slack : 0.282
TNS   : 0.000

Type  : Slow 900mV 0C Model Hold 'SOPC_INST|m2_ddr2_memory|pll0|pll_avl_clk'
Slack : 0.282
TNS   : 0.000

Type  : Slow 900mV 0C Model Hold 'SOPC_INST|m2_ddr2_memory|pll0|pll_addr_cmd_clk'
Slack : 0.290
TNS   : 0.000

Type  : Slow 900mV 0C Model Hold 'SOPC_INST|m2_ddr2_memory|MebX_Qsys_Project_m2_ddr2_memory_p0_leveling_clk'
Slack : 0.389
TNS   : 0.000

Type  : Slow 900mV 0C Model Hold 'M2_DDR2_clk[0]'
Slack : 0.647
TNS   : 0.000

Type  : Slow 900mV 0C Model Hold 'M1_DDR2_clk[1]'
Slack : 0.648
TNS   : 0.000

Type  : Slow 900mV 0C Model Hold 'M1_DDR2_clk[0]'
Slack : 0.649
TNS   : 0.000

Type  : Slow 900mV 0C Model Hold 'M2_DDR2_clk[1]'
Slack : 0.660
TNS   : 0.000

Type  : Slow 900mV 0C Model Hold 'SOPC_INST|m1_ddr2_memory|pll0|pll_write_clk'
Slack : 1.029
TNS   : 0.000

Type  : Slow 900mV 0C Model Hold 'SOPC_INST|m2_ddr2_memory|pll0|pll_write_clk'
Slack : 1.380
TNS   : 0.000

Type  : Slow 900mV 0C Model Recovery 'SOPC_INST|m2_ddr2_memory|pll0|pll_afi_clk'
Slack : 0.213
TNS   : 0.000

Type  : Slow 900mV 0C Model Recovery 'SOPC_INST|m2_ddr2_memory|pll0|pll_addr_cmd_clk'
Slack : 0.746
TNS   : 0.000

Type  : Slow 900mV 0C Model Recovery 'SOPC_INST|m1_ddr2_memory|pll0|pll_afi_clk'
Slack : 0.881
TNS   : 0.000

Type  : Slow 900mV 0C Model Recovery 'SOPC_INST|m1_ddr2_memory|pll0|pll_addr_cmd_clk'
Slack : 1.230
TNS   : 0.000

Type  : Slow 900mV 0C Model Recovery 'FTDImoduleClk'
Slack : 1.283
TNS   : 0.000

Type  : Slow 900mV 0C Model Recovery 'SOPC_INST|m2_ddr2_memory|pll0|pll_afi_half_clk'
Slack : 2.969
TNS   : 0.000

Type  : Slow 900mV 0C Model Recovery 'SOPC_INST|m2_ddr2_memory|pll0|pll_avl_clk'
Slack : 6.719
TNS   : 0.000

Type  : Slow 900mV 0C Model Recovery 'SOPC_INST|m1_ddr2_memory|pll0|pll_afi_half_clk'
Slack : 7.058
TNS   : 0.000

Type  : Slow 900mV 0C Model Recovery 'SOPC_INST|m1_ddr2_memory|pll0|pll_avl_clk'
Slack : 7.538
TNS   : 0.000

Type  : Slow 900mV 0C Model Recovery 'OSC_50_BANK4'
Slack : 13.858
TNS   : 0.000

Type  : Slow 900mV 0C Model Recovery 'SOPC_INST|m1_ddr2_memory|pll0|pll_config_clk'
Slack : 16.742
TNS   : 0.000

Type  : Slow 900mV 0C Model Recovery 'SOPC_INST|m2_ddr2_memory|pll0|pll_config_clk'
Slack : 17.085
TNS   : 0.000

Type  : Slow 900mV 0C Model Recovery 'altera_reserved_tck'
Slack : 47.878
TNS   : 0.000

Type  : Slow 900mV 0C Model Removal 'SOPC_INST|m2_ddr2_memory|pll0|pll_afi_clk'
Slack : 0.452
TNS   : 0.000

Type  : Slow 900mV 0C Model Removal 'SOPC_INST|m2_ddr2_memory|pll0|pll_afi_half_clk'
Slack : 0.452
TNS   : 0.000

Type  : Slow 900mV 0C Model Removal 'SOPC_INST|m1_ddr2_memory|pll0|pll_config_clk'
Slack : 0.502
TNS   : 0.000

Type  : Slow 900mV 0C Model Removal 'OSC_50_BANK4'
Slack : 0.511
TNS   : 0.000

Type  : Slow 900mV 0C Model Removal 'SOPC_INST|m1_ddr2_memory|pll0|pll_afi_clk'
Slack : 0.599
TNS   : 0.000

Type  : Slow 900mV 0C Model Removal 'SOPC_INST|m1_ddr2_memory|pll0|pll_avl_clk'
Slack : 0.608
TNS   : 0.000

Type  : Slow 900mV 0C Model Removal 'altera_reserved_tck'
Slack : 0.659
TNS   : 0.000

Type  : Slow 900mV 0C Model Removal 'SOPC_INST|m2_ddr2_memory|pll0|pll_config_clk'
Slack : 0.678
TNS   : 0.000

Type  : Slow 900mV 0C Model Removal 'SOPC_INST|m2_ddr2_memory|pll0|pll_avl_clk'
Slack : 0.689
TNS   : 0.000

Type  : Slow 900mV 0C Model Removal 'SOPC_INST|m1_ddr2_memory|pll0|pll_afi_half_clk'
Slack : 0.756
TNS   : 0.000

Type  : Slow 900mV 0C Model Removal 'FTDImoduleClk'
Slack : 0.785
TNS   : 0.000

Type  : Slow 900mV 0C Model Removal 'SOPC_INST|m2_ddr2_memory|pll0|pll_addr_cmd_clk'
Slack : 1.068
TNS   : 0.000

Type  : Slow 900mV 0C Model Removal 'SOPC_INST|m1_ddr2_memory|pll0|pll_addr_cmd_clk'
Slack : 1.326
TNS   : 0.000

Type  : Slow 900mV 0C Model Minimum Pulse Width 'SOPC_INST|m1_ddr2_memory|pll0|pll_write_clk'
Slack : 0.473
TNS   : 0.000

Type  : Slow 900mV 0C Model Minimum Pulse Width 'SOPC_INST|m2_ddr2_memory|pll0|pll_write_clk'
Slack : 0.474
TNS   : 0.000

Type  : Slow 900mV 0C Model Minimum Pulse Width 'SOPC_INST|m2_ddr2_memory|MebX_Qsys_Project_m2_ddr2_memory_p0_leveling_clk'
Slack : 0.636
TNS   : 0.000

Type  : Slow 900mV 0C Model Minimum Pulse Width 'SOPC_INST|m1_ddr2_memory|MebX_Qsys_Project_m1_ddr2_memory_p0_leveling_clk'
Slack : 0.638
TNS   : 0.000

Type  : Slow 900mV 0C Model Minimum Pulse Width 'SOPC_INST|m1_ddr2_memory|pll0|pll_mem_clk'
Slack : 0.648
TNS   : 0.000

Type  : Slow 900mV 0C Model Minimum Pulse Width 'SOPC_INST|m2_ddr2_memory|pll0|pll_mem_clk'
Slack : 0.651
TNS   : 0.000

Type  : Slow 900mV 0C Model Minimum Pulse Width 'SOPC_INST|m2_ddr2_memory|pll0|pll_afi_clk'
Slack : 1.700
TNS   : 0.000

Type  : Slow 900mV 0C Model Minimum Pulse Width 'SOPC_INST|m1_ddr2_memory|pll0|pll_afi_clk'
Slack : 1.710
TNS   : 0.000

Type  : Slow 900mV 0C Model Minimum Pulse Width 'SOPC_INST|m1_ddr2_memory|pll0|pll_addr_cmd_clk'
Slack : 1.896
TNS   : 0.000

Type  : Slow 900mV 0C Model Minimum Pulse Width 'SOPC_INST|m2_ddr2_memory|pll0|pll_addr_cmd_clk'
Slack : 1.897
TNS   : 0.000

Type  : Slow 900mV 0C Model Minimum Pulse Width 'SOPC_INST|m2_ddr2_memory|pll0|pll_afi_half_clk'
Slack : 4.204
TNS   : 0.000

Type  : Slow 900mV 0C Model Minimum Pulse Width 'SOPC_INST|m2_ddr2_memory|pll0|pll_avl_clk'
Slack : 4.217
TNS   : 0.000

Type  : Slow 900mV 0C Model Minimum Pulse Width 'SOPC_INST|m1_ddr2_memory|pll0|pll_avl_clk'
Slack : 4.220
TNS   : 0.000

Type  : Slow 900mV 0C Model Minimum Pulse Width 'SOPC_INST|m1_ddr2_memory|pll0|pll_afi_half_clk'
Slack : 4.235
TNS   : 0.000

Type  : Slow 900mV 0C Model Minimum Pulse Width 'FTDImoduleClk'
Slack : 4.311
TNS   : 0.000

Type  : Slow 900mV 0C Model Minimum Pulse Width 'SOPC_INST|m1_ddr2_memory|pll0|pll_config_clk'
Slack : 6.667
TNS   : 0.000

Type  : Slow 900mV 0C Model Minimum Pulse Width 'SOPC_INST|m2_ddr2_memory|pll0|pll_config_clk'
Slack : 6.667
TNS   : 0.000

Type  : Slow 900mV 0C Model Minimum Pulse Width 'OSC_50_BANK4'
Slack : 8.979
TNS   : 0.000

Type  : Slow 900mV 0C Model Minimum Pulse Width 'OSC_50_BANK3'
Slack : 9.746
TNS   : 0.000

Type  : Slow 900mV 0C Model Minimum Pulse Width 'altera_reserved_tck'
Slack : 49.380
TNS   : 0.000

Type  : Fast 900mV 0C Model Setup 'M2_DDR2_clk[0]'
Slack : 0.128
TNS   : 0.000

Type  : Fast 900mV 0C Model Setup 'M2_DDR2_clk[1]'
Slack : 0.130
TNS   : 0.000

Type  : Fast 900mV 0C Model Setup 'M1_DDR2_clk[0]'
Slack : 0.135
TNS   : 0.000

Type  : Fast 900mV 0C Model Setup 'M1_DDR2_clk[1]'
Slack : 0.137
TNS   : 0.000

Type  : Fast 900mV 0C Model Setup 'SOPC_INST|m2_ddr2_memory|pll0|pll_write_clk'
Slack : 0.687
TNS   : 0.000

Type  : Fast 900mV 0C Model Setup 'SOPC_INST|m1_ddr2_memory|pll0|pll_write_clk'
Slack : 0.933
TNS   : 0.000

Type  : Fast 900mV 0C Model Setup 'SOPC_INST|m2_ddr2_memory|pll0|pll_afi_clk'
Slack : 1.278
TNS   : 0.000

Type  : Fast 900mV 0C Model Setup 'SOPC_INST|m2_ddr2_memory|MebX_Qsys_Project_m2_ddr2_memory_p0_leveling_clk'
Slack : 1.334
TNS   : 0.000

Type  : Fast 900mV 0C Model Setup 'SOPC_INST|m1_ddr2_memory|pll0|pll_afi_clk'
Slack : 1.535
TNS   : 0.000

Type  : Fast 900mV 0C Model Setup 'SOPC_INST|m1_ddr2_memory|MebX_Qsys_Project_m1_ddr2_memory_p0_leveling_clk'
Slack : 1.580
TNS   : 0.000

Type  : Fast 900mV 0C Model Setup 'SOPC_INST|m2_ddr2_memory|pll0|pll_addr_cmd_clk'
Slack : 1.752
TNS   : 0.000

Type  : Fast 900mV 0C Model Setup 'FTDImoduleClk'
Slack : 1.831
TNS   : 0.000

Type  : Fast 900mV 0C Model Setup 'SOPC_INST|m1_ddr2_memory|pll0|pll_addr_cmd_clk'
Slack : 1.925
TNS   : 0.000

Type  : Fast 900mV 0C Model Setup 'SOPC_INST|m2_ddr2_memory|pll0|pll_afi_half_clk'
Slack : 2.298
TNS   : 0.000

Type  : Fast 900mV 0C Model Setup 'SOPC_INST|m2_ddr2_memory|pll0|pll_avl_clk'
Slack : 3.043
TNS   : 0.000

Type  : Fast 900mV 0C Model Setup 'SOPC_INST|m1_ddr2_memory|pll0|pll_avl_clk'
Slack : 3.285
TNS   : 0.000

Type  : Fast 900mV 0C Model Setup 'SOPC_INST|m1_ddr2_memory|pll0|pll_afi_half_clk'
Slack : 5.776
TNS   : 0.000

Type  : Fast 900mV 0C Model Setup 'SOPC_INST|m2_ddr2_memory|pll0|pll_config_clk'
Slack : 6.837
TNS   : 0.000

Type  : Fast 900mV 0C Model Setup 'SOPC_INST|m1_ddr2_memory|pll0|pll_config_clk'
Slack : 7.040
TNS   : 0.000

Type  : Fast 900mV 0C Model Setup 'OSC_50_BANK4'
Slack : 12.197
TNS   : 0.000

Type  : Fast 900mV 0C Model Setup 'altera_reserved_tck'
Slack : 48.504
TNS   : 0.000

Type  : Fast 900mV 0C Model Hold 'SOPC_INST|m2_ddr2_memory|pll0|pll_afi_clk'
Slack : 0.084
TNS   : 0.000

Type  : Fast 900mV 0C Model Hold 'OSC_50_BANK4'
Slack : 0.108
TNS   : 0.000

Type  : Fast 900mV 0C Model Hold 'SOPC_INST|m1_ddr2_memory|pll0|pll_config_clk'
Slack : 0.113
TNS   : 0.000

Type  : Fast 900mV 0C Model Hold 'SOPC_INST|m1_ddr2_memory|pll0|pll_afi_clk'
Slack : 0.136
TNS   : 0.000

Type  : Fast 900mV 0C Model Hold 'SOPC_INST|m2_ddr2_memory|pll0|pll_afi_half_clk'
Slack : 0.142
TNS   : 0.000

Type  : Fast 900mV 0C Model Hold 'SOPC_INST|m2_ddr2_memory|pll0|pll_config_clk'
Slack : 0.145
TNS   : 0.000

Type  : Fast 900mV 0C Model Hold 'SOPC_INST|m1_ddr2_memory|pll0|pll_addr_cmd_clk'
Slack : 0.147
TNS   : 0.000

Type  : Fast 900mV 0C Model Hold 'SOPC_INST|m2_ddr2_memory|pll0|pll_avl_clk'
Slack : 0.150
TNS   : 0.000

Type  : Fast 900mV 0C Model Hold 'FTDImoduleClk'
Slack : 0.152
TNS   : 0.000

Type  : Fast 900mV 0C Model Hold 'SOPC_INST|m1_ddr2_memory|pll0|pll_avl_clk'
Slack : 0.152
TNS   : 0.000

Type  : Fast 900mV 0C Model Hold 'SOPC_INST|m1_ddr2_memory|pll0|pll_afi_half_clk'
Slack : 0.153
TNS   : 0.000

Type  : Fast 900mV 0C Model Hold 'altera_reserved_tck'
Slack : 0.153
TNS   : 0.000

Type  : Fast 900mV 0C Model Hold 'SOPC_INST|m2_ddr2_memory|pll0|pll_addr_cmd_clk'
Slack : 0.154
TNS   : 0.000

Type  : Fast 900mV 0C Model Hold 'SOPC_INST|m1_ddr2_memory|MebX_Qsys_Project_m1_ddr2_memory_p0_leveling_clk'
Slack : 0.440
TNS   : 0.000

Type  : Fast 900mV 0C Model Hold 'SOPC_INST|m2_ddr2_memory|MebX_Qsys_Project_m2_ddr2_memory_p0_leveling_clk'
Slack : 0.685
TNS   : 0.000

Type  : Fast 900mV 0C Model Hold 'M1_DDR2_clk[1]'
Slack : 0.830
TNS   : 0.000

Type  : Fast 900mV 0C Model Hold 'M1_DDR2_clk[0]'
Slack : 0.831
TNS   : 0.000

Type  : Fast 900mV 0C Model Hold 'M2_DDR2_clk[0]'
Slack : 0.831
TNS   : 0.000

Type  : Fast 900mV 0C Model Hold 'M2_DDR2_clk[1]'
Slack : 0.831
TNS   : 0.000

Type  : Fast 900mV 0C Model Hold 'SOPC_INST|m1_ddr2_memory|pll0|pll_write_clk'
Slack : 1.289
TNS   : 0.000

Type  : Fast 900mV 0C Model Hold 'SOPC_INST|m2_ddr2_memory|pll0|pll_write_clk'
Slack : 1.530
TNS   : 0.000

Type  : Fast 900mV 0C Model Recovery 'SOPC_INST|m2_ddr2_memory|pll0|pll_afi_clk'
Slack : 1.892
TNS   : 0.000

Type  : Fast 900mV 0C Model Recovery 'SOPC_INST|m2_ddr2_memory|pll0|pll_addr_cmd_clk'
Slack : 2.174
TNS   : 0.000

Type  : Fast 900mV 0C Model Recovery 'SOPC_INST|m1_ddr2_memory|pll0|pll_addr_cmd_clk'
Slack : 2.230
TNS   : 0.000

Type  : Fast 900mV 0C Model Recovery 'SOPC_INST|m1_ddr2_memory|pll0|pll_afi_clk'
Slack : 2.419
TNS   : 0.000

Type  : Fast 900mV 0C Model Recovery 'FTDImoduleClk'
Slack : 4.317
TNS   : 0.000

Type  : Fast 900mV 0C Model Recovery 'SOPC_INST|m2_ddr2_memory|pll0|pll_afi_half_clk'
Slack : 5.689
TNS   : 0.000

Type  : Fast 900mV 0C Model Recovery 'SOPC_INST|m2_ddr2_memory|pll0|pll_avl_clk'
Slack : 8.019
TNS   : 0.000

Type  : Fast 900mV 0C Model Recovery 'SOPC_INST|m1_ddr2_memory|pll0|pll_afi_half_clk'
Slack : 8.288
TNS   : 0.000

Type  : Fast 900mV 0C Model Recovery 'SOPC_INST|m1_ddr2_memory|pll0|pll_avl_clk'
Slack : 8.562
TNS   : 0.000

Type  : Fast 900mV 0C Model Recovery 'OSC_50_BANK4'
Slack : 15.984
TNS   : 0.000

Type  : Fast 900mV 0C Model Recovery 'SOPC_INST|m1_ddr2_memory|pll0|pll_config_clk'
Slack : 18.217
TNS   : 0.000

Type  : Fast 900mV 0C Model Recovery 'SOPC_INST|m2_ddr2_memory|pll0|pll_config_clk'
Slack : 18.479
TNS   : 0.000

Type  : Fast 900mV 0C Model Recovery 'altera_reserved_tck'
Slack : 49.062
TNS   : 0.000

Type  : Fast 900mV 0C Model Removal 'SOPC_INST|m2_ddr2_memory|pll0|pll_afi_half_clk'
Slack : 0.255
TNS   : 0.000

Type  : Fast 900mV 0C Model Removal 'SOPC_INST|m2_ddr2_memory|pll0|pll_afi_clk'
Slack : 0.256
TNS   : 0.000

Type  : Fast 900mV 0C Model Removal 'SOPC_INST|m1_ddr2_memory|pll0|pll_config_clk'
Slack : 0.272
TNS   : 0.000

Type  : Fast 900mV 0C Model Removal 'OSC_50_BANK4'
Slack : 0.277
TNS   : 0.000

Type  : Fast 900mV 0C Model Removal 'SOPC_INST|m1_ddr2_memory|pll0|pll_afi_clk'
Slack : 0.360
TNS   : 0.000

Type  : Fast 900mV 0C Model Removal 'SOPC_INST|m1_ddr2_memory|pll0|pll_avl_clk'
Slack : 0.364
TNS   : 0.000

Type  : Fast 900mV 0C Model Removal 'altera_reserved_tck'
Slack : 0.366
TNS   : 0.000

Type  : Fast 900mV 0C Model Removal 'SOPC_INST|m2_ddr2_memory|pll0|pll_avl_clk'
Slack : 0.395
TNS   : 0.000

Type  : Fast 900mV 0C Model Removal 'SOPC_INST|m2_ddr2_memory|pll0|pll_config_clk'
Slack : 0.407
TNS   : 0.000

Type  : Fast 900mV 0C Model Removal 'FTDImoduleClk'
Slack : 0.436
TNS   : 0.000

Type  : Fast 900mV 0C Model Removal 'SOPC_INST|m1_ddr2_memory|pll0|pll_afi_half_clk'
Slack : 0.443
TNS   : 0.000

Type  : Fast 900mV 0C Model Removal 'SOPC_INST|m2_ddr2_memory|pll0|pll_addr_cmd_clk'
Slack : 0.595
TNS   : 0.000

Type  : Fast 900mV 0C Model Removal 'SOPC_INST|m1_ddr2_memory|pll0|pll_addr_cmd_clk'
Slack : 0.754
TNS   : 0.000

Type  : Fast 900mV 0C Model Minimum Pulse Width 'SOPC_INST|m1_ddr2_memory|pll0|pll_write_clk'
Slack : 0.505
TNS   : 0.000

Type  : Fast 900mV 0C Model Minimum Pulse Width 'SOPC_INST|m2_ddr2_memory|pll0|pll_write_clk'
Slack : 0.505
TNS   : 0.000

Type  : Fast 900mV 0C Model Minimum Pulse Width 'SOPC_INST|m2_ddr2_memory|MebX_Qsys_Project_m2_ddr2_memory_p0_leveling_clk'
Slack : 0.709
TNS   : 0.000

Type  : Fast 900mV 0C Model Minimum Pulse Width 'SOPC_INST|m1_ddr2_memory|MebX_Qsys_Project_m1_ddr2_memory_p0_leveling_clk'
Slack : 0.711
TNS   : 0.000

Type  : Fast 900mV 0C Model Minimum Pulse Width 'SOPC_INST|m1_ddr2_memory|pll0|pll_mem_clk'
Slack : 0.841
TNS   : 0.000

Type  : Fast 900mV 0C Model Minimum Pulse Width 'SOPC_INST|m2_ddr2_memory|pll0|pll_mem_clk'
Slack : 0.842
TNS   : 0.000

Type  : Fast 900mV 0C Model Minimum Pulse Width 'SOPC_INST|m1_ddr2_memory|pll0|pll_afi_clk'
Slack : 1.713
TNS   : 0.000

Type  : Fast 900mV 0C Model Minimum Pulse Width 'SOPC_INST|m2_ddr2_memory|pll0|pll_afi_clk'
Slack : 1.718
TNS   : 0.000

Type  : Fast 900mV 0C Model Minimum Pulse Width 'SOPC_INST|m1_ddr2_memory|pll0|pll_addr_cmd_clk'
Slack : 2.084
TNS   : 0.000

Type  : Fast 900mV 0C Model Minimum Pulse Width 'SOPC_INST|m2_ddr2_memory|pll0|pll_addr_cmd_clk'
Slack : 2.085
TNS   : 0.000

Type  : Fast 900mV 0C Model Minimum Pulse Width 'FTDImoduleClk'
Slack : 4.145
TNS   : 0.000

Type  : Fast 900mV 0C Model Minimum Pulse Width 'SOPC_INST|m2_ddr2_memory|pll0|pll_afi_half_clk'
Slack : 4.209
TNS   : 0.000

Type  : Fast 900mV 0C Model Minimum Pulse Width 'SOPC_INST|m2_ddr2_memory|pll0|pll_avl_clk'
Slack : 4.214
TNS   : 0.000

Type  : Fast 900mV 0C Model Minimum Pulse Width 'SOPC_INST|m1_ddr2_memory|pll0|pll_afi_half_clk'
Slack : 4.217
TNS   : 0.000

Type  : Fast 900mV 0C Model Minimum Pulse Width 'SOPC_INST|m1_ddr2_memory|pll0|pll_avl_clk'
Slack : 4.261
TNS   : 0.000

Type  : Fast 900mV 0C Model Minimum Pulse Width 'SOPC_INST|m1_ddr2_memory|pll0|pll_config_clk'
Slack : 6.667
TNS   : 0.000

Type  : Fast 900mV 0C Model Minimum Pulse Width 'SOPC_INST|m2_ddr2_memory|pll0|pll_config_clk'
Slack : 6.667
TNS   : 0.000

Type  : Fast 900mV 0C Model Minimum Pulse Width 'OSC_50_BANK4'
Slack : 9.116
TNS   : 0.000

Type  : Fast 900mV 0C Model Minimum Pulse Width 'OSC_50_BANK3'
Slack : 9.880
TNS   : 0.000

Type  : Fast 900mV 0C Model Minimum Pulse Width 'altera_reserved_tck'
Slack : 49.251
TNS   : 0.000

------------------------------------------------------------
Info: see the "DDR report" for DDR timing results
------------------------------------------------------------
------------------------------------------------------------
